Component: ARM Compiler 5.06 update 7 (build 960) Tool: armlink [4d3601]

==============================================================================

Section Cross References

    startup_stm32f103xb.o(STACK) refers (Special) to heapauxi.o(.text) for __use_two_region_memory
    startup_stm32f103xb.o(HEAP) refers (Special) to heapauxi.o(.text) for __use_two_region_memory
    startup_stm32f103xb.o(RESET) refers (Special) to heapauxi.o(.text) for __use_two_region_memory
    startup_stm32f103xb.o(RESET) refers to startup_stm32f103xb.o(STACK) for __initial_sp
    startup_stm32f103xb.o(RESET) refers to startup_stm32f103xb.o(.text) for Reset_Handler
    startup_stm32f103xb.o(RESET) refers to stm32f1xx_it.o(i.NMI_Handler) for NMI_Handler
    startup_stm32f103xb.o(RESET) refers to stm32f1xx_it.o(i.HardFault_Handler) for HardFault_Handler
    startup_stm32f103xb.o(RESET) refers to stm32f1xx_it.o(i.MemManage_Handler) for MemManage_Handler
    startup_stm32f103xb.o(RESET) refers to stm32f1xx_it.o(i.BusFault_Handler) for BusFault_Handler
    startup_stm32f103xb.o(RESET) refers to stm32f1xx_it.o(i.UsageFault_Handler) for UsageFault_Handler
    startup_stm32f103xb.o(RESET) refers to stm32f1xx_it.o(i.SVC_Handler) for SVC_Handler
    startup_stm32f103xb.o(RESET) refers to stm32f1xx_it.o(i.DebugMon_Handler) for DebugMon_Handler
    startup_stm32f103xb.o(RESET) refers to stm32f1xx_it.o(i.PendSV_Handler) for PendSV_Handler
    startup_stm32f103xb.o(RESET) refers to stm32f1xx_it.o(i.SysTick_Handler) for SysTick_Handler
    startup_stm32f103xb.o(.text) refers (Special) to heapauxi.o(.text) for __use_two_region_memory
    startup_stm32f103xb.o(.text) refers to system_stm32f1xx.o(i.SystemInit) for SystemInit
    startup_stm32f103xb.o(.text) refers to __main.o(!!!main) for __main
    startup_stm32f103xb.o(.text) refers to startup_stm32f103xb.o(HEAP) for Heap_Mem
    startup_stm32f103xb.o(.text) refers to startup_stm32f103xb.o(STACK) for Stack_Mem
    main.o(i.SystemClock_Config) refers to rt_memclr_w.o(.text) for __aeabi_memclr4
    main.o(i.SystemClock_Config) refers to stm32f1xx_hal_rcc.o(i.HAL_RCC_OscConfig) for HAL_RCC_OscConfig
    main.o(i.SystemClock_Config) refers to stm32f1xx_hal_rcc.o(i.HAL_RCC_ClockConfig) for HAL_RCC_ClockConfig
    main.o(i.main) refers to stm32f1xx_hal.o(i.HAL_Init) for HAL_Init
    main.o(i.main) refers to main.o(i.SystemClock_Config) for SystemClock_Config
    main.o(i.main) refers to stm32f1xx_hal_uart.o(i.HAL_UART_Init) for HAL_UART_Init
    main.o(i.main) refers to pppos_lwip.o(i.PPPOS_Init) for PPPOS_Init
    main.o(i.main) refers to pppos_lwip.o(i.PPPOS_Process) for PPPOS_Process
    main.o(i.main) refers to pppos_lwip.o(i.PPPOS_IsLinkUp) for PPPOS_IsLinkUp
    main.o(i.main) refers to lwip_app.o(i.LWIP_HttpGetTest) for LWIP_HttpGetTest
    main.o(i.main) refers to lwip_app.o(i.LWIP_PingTest) for LWIP_PingTest
    main.o(i.main) refers to main.o(.bss) for .bss
    main.o(i.main) refers to main.o(.data) for .data
    pppos_lwip.o(i.HAL_UART_RxCpltCallback) refers to lwip_ppp.o(i.pppos_input_byte) for pppos_input_byte
    pppos_lwip.o(i.HAL_UART_RxCpltCallback) refers to pppos_lwip.o(i.PPPOS_UART_RxStart) for PPPOS_UART_RxStart
    pppos_lwip.o(i.HAL_UART_RxCpltCallback) refers to pppos_lwip.o(.data) for .data
    pppos_lwip.o(i.PPPOS_DebugPrint) refers to strlen.o(.text) for strlen
    pppos_lwip.o(i.PPPOS_DebugPrint) refers to stm32f1xx_hal_uart.o(i.HAL_UART_Transmit) for HAL_UART_Transmit
    pppos_lwip.o(i.PPPOS_DebugPrint) refers to pppos_lwip.o(.data) for .data
    pppos_lwip.o(i.PPPOS_Init) refers to pppos_lwip.o(i.PPPOS_UART_RxStart) for PPPOS_UART_RxStart
    pppos_lwip.o(i.PPPOS_Init) refers to lwip_ppp.o(i.pppapi_pppos_create) for pppapi_pppos_create
    pppos_lwip.o(i.PPPOS_Init) refers to lwip_ppp.o(i.pppapi_set_default) for pppapi_set_default
    pppos_lwip.o(i.PPPOS_Init) refers to lwip_ppp.o(i.ppp_set_usepeerdns) for ppp_set_usepeerdns
    pppos_lwip.o(i.PPPOS_Init) refers to lwip_ppp.o(i.pppapi_connect) for pppapi_connect
    pppos_lwip.o(i.PPPOS_Init) refers to pppos_lwip.o(i.PPPOS_DebugPrint) for PPPOS_DebugPrint
    pppos_lwip.o(i.PPPOS_Init) refers to pppos_lwip.o(.data) for .data
    pppos_lwip.o(i.PPPOS_Init) refers to pppos_lwip.o(i.ppp_status_cb) for ppp_status_cb
    pppos_lwip.o(i.PPPOS_Init) refers to pppos_lwip.o(i.pppos_output_cb) for pppos_output_cb
    pppos_lwip.o(i.PPPOS_Init) refers to pppos_lwip.o(.bss) for .bss
    pppos_lwip.o(i.PPPOS_IsLinkUp) refers to pppos_lwip.o(.data) for .data
    pppos_lwip.o(i.PPPOS_UART_RxStart) refers to stm32f1xx_hal_uart.o(i.HAL_UART_Receive_IT) for HAL_UART_Receive_IT
    pppos_lwip.o(i.PPPOS_UART_RxStart) refers to pppos_lwip.o(.data) for .data
    pppos_lwip.o(i.ppp_status_cb) refers to _printf_percent.o(.ARM.Collect$$_printf_percent$$00000000) for _printf_percent
    pppos_lwip.o(i.ppp_status_cb) refers to _printf_d.o(.ARM.Collect$$_printf_percent$$00000009) for _printf_d
[...]
    ../clib/angel/kernel.s                   0x00000000   Number         0  __rtentry2.o ABSOLUTE
    ../clib/angel/kernel.s                   0x00000000   Number         0  __rtentry.o ABSOLUTE
    ../clib/angel/rt.s                       0x00000000   Number         0  rt_locale_intlibspace.o ABSOLUTE
    ../clib/angel/rt.s                       0x00000000   Number         0  rt_locale.o ABSOLUTE
    ../clib/angel/rt.s                       0x00000000   Number         0  rt_raise.o ABSOLUTE
    ../clib/angel/rt.s                       0x00000000   Number         0  rt_ctype_table.o ABSOLUTE
    ../clib/angel/rt.s                       0x00000000   Number         0  rt_heap_descriptor_intlibspace.o ABSOLUTE
    ../clib/angel/rt.s                       0x00000000   Number         0  rt_heap_descriptor.o ABSOLUTE
    ../clib/angel/scatter.s                  0x00000000   Number         0  __scatter.o ABSOLUTE
    ../clib/angel/startup.s                  0x00000000   Number         0  __main.o ABSOLUTE
    ../clib/angel/sys.s                      0x00000000   Number         0  libspace.o ABSOLUTE
    ../clib/angel/sys.s                      0x00000000   Number         0  use_no_semi.o ABSOLUTE
    ../clib/angel/sys.s                      0x00000000   Number         0  sys_stackheap_outer.o ABSOLUTE
    ../clib/angel/sys.s                      0x00000000   Number         0  mutex_dummy.o ABSOLUTE
    ../clib/angel/sys.s                      0x00000000   Number         0  indicate_semi.o ABSOLUTE
    ../clib/angel/sysapp.c                   0x00000000   Number         0  sys_exit.o ABSOLUTE
    ../clib/angel/sysapp.c                   0x00000000   Number         0  sys_wrch.o ABSOLUTE
    ../clib/angel/sysapp.c                   0x00000000   Number         0  sys_command.o ABSOLUTE
    ../clib/armsys.c                         0x00000000   Number         0  argv_veneer.o ABSOLUTE
    ../clib/armsys.c                         0x00000000   Number         0  argv_veneer.o ABSOLUTE
    ../clib/armsys.c                         0x00000000   Number         0  _get_argv_nomalloc.o ABSOLUTE
    ../clib/armsys.c                         0x00000000   Number         0  no_argv.o ABSOLUTE
    ../clib/armsys.c                         0x00000000   Number         0  _get_argv.o ABSOLUTE
    ../clib/ctype.c                          0x00000000   Number         0  isspace.o ABSOLUTE
    ../clib/heap1.c                          0x00000000   Number         0  h1_alloc_mt.o ABSOLUTE
    ../clib/heap1.c                          0x00000000   Number         0  h1_free_mt.o ABSOLUTE
    ../clib/heap1.c                          0x00000000   Number         0  h1_init.o ABSOLUTE
    ../clib/heap1.c                          0x00000000   Number         0  h1_final.o ABSOLUTE
    ../clib/heap1.c                          0x00000000   Number         0  h1_final_mt.o ABSOLUTE
    ../clib/heap1.c                          0x00000000   Number         0  h1_init_mt.o ABSOLUTE
    ../clib/heap1.c                          0x00000000   Number         0  h1_extend_mt.o ABSOLUTE
    ../clib/heap1.c                          0x00000000   Number         0  h1_extend.o ABSOLUTE
    ../clib/heap1.c                          0x00000000   Number         0  h1_free.o ABSOLUTE
    ../clib/heap1.c                          0x00000000   Number         0  h1_alloc.o ABSOLUTE
    ../clib/heap2.c                          0x00000000   Number         0  heap2mt.o ABSOLUTE
    ../clib/heap2.c                          0x00000000   Number         0  heap2.o ABSOLUTE
    ../clib/heap2.c                          0x00000000   Number         0  fdtree.o ABSOLUTE
    ../clib/heapalloc.c                      0x00000000   Number         0  maybetermalloc2.o ABSOLUTE
    ../clib/heapalloc.c                      0x00000000   Number         0  hguard.o ABSOLUTE
    ../clib/heapalloc.c                      0x00000000   Number         0  heapstubs.o ABSOLUTE
    ../clib/heapalloc.c                      0x00000000   Number         0  term_alloc.o ABSOLUTE
    ../clib/heapalloc.c                      0x00000000   Number         0  maybetermalloc2.o ABSOLUTE
    ../clib/heapalloc.c                      0x00000000   Number         0  init_alloc.o ABSOLUTE
    ../clib/heapalloc.c                      0x00000000   Number         0  maybetermalloc1.o ABSOLUTE
    ../clib/heapalloc.c                      0x00000000   Number         0  maybetermalloc1.o ABSOLUTE
    ../clib/heapalloc.c                      0x00000000   Number         0  hrguard.o ABSOLUTE
    ../clib/heapalloc.c                      0x00000000   Number         0  free.o ABSOLUTE
    ../clib/heapalloc.c                      0x00000000   Number         0  malloc.o ABSOLUTE
    ../clib/heapaux.c                        0x00000000   Number         0  heapauxi.o ABSOLUTE
    ../clib/heapaux.c                        0x00000000   Number         0  heapauxa.o ABSOLUTE
    ../clib/libinit.s                        0x00000000   Number         0  libinit.o ABSOLUTE
    ../clib/libinit.s                        0x00000000   Number         0  libinit2.o ABSOLUTE
    ../clib/libinit.s                        0x00000000   Number         0  libshutdown.o ABSOLUTE
    ../clib/libinit.s                        0x00000000   Number         0  libshutdown2.o ABSOLUTE
    ../clib/locale.s                         0x00000000   Number         0  lc_ctype_c.o ABSOLUTE
    ../clib/longlong.s                       0x00000000   Number         0  llushr.o ABSOLUTE
    ../clib/memcpset.s                       0x00000000   Number         0  rt_memcpy_v6.o ABSOLUTE
    ../clib/memcpset.s                       0x00000000   Number         0  rt_memcpy_w.o ABSOLUTE
    ../clib/memcpset.s                       0x00000000   Number         0  strcmpv7m.o ABSOLUTE
    ../clib/memcpset.s                       0x00000000   Number         0  rt_memclr.o ABSOLUTE
    ../clib/memcpset.s                       0x00000000   Number         0  rt_memclr_w.o ABSOLUTE
    ../clib/printf.c                         0x00000000   Number         0  __2snprintf.o ABSOLUTE
    ../clib/printf.c                         0x00000000   Number         0  __printf_nopercent.o ABSOLUTE
    ../clib/printf.c                         0x00000000   Number         0  noretval__2snprintf.o ABSOLUTE
    ../clib/printf.c                         0x00000000   Number         0  __printf_ss_wp.o ABSOLUTE
    ../clib/printf.c                         0x00000000   Number         0  __printf_flags_wp.o ABSOLUTE
    ../clib/printf.c                         0x00000000   Number         0  _printf_char_common.o ABSOLUTE
    ../clib/printf.c                         0x00000000   Number         0  _printf_intcommon.o ABSOLUTE
    ../clib/printf.c                         0x00000000   Number         0  _printf_str.o ABSOLUTE
    ../clib/printf.c                         0x00000000   Number         0  __printf_flags_ss_wp.o ABSOLUTE
    ../clib/printf.c                         0x00000000   Number         0  _printf_char.o ABSOLUTE
    ../clib/printf.c                         0x00000000   Number         0  _snputc.o ABSOLUTE
    ../clib/printf.c                         0x00000000   Number         0  __printf_flags.o ABSOLUTE
    ../clib/printf.c                         0x00000000   Number         0  __printf_ss.o ABSOLUTE
    ../clib/printf.c                         0x00000000   Number         0  __printf_flags_ss.o ABSOLUTE
    ../clib/printf.c                         0x00000000   Number         0  _sputc.o ABSOLUTE
    ../clib/printf.c                         0x00000000   Number         0  _printf_dec.o ABSOLUTE
    ../clib/printf.c                         0x00000000   Number         0  __printf.o ABSOLUTE
    ../clib/printf.c                         0x00000000   Number         0  __printf_wp.o ABSOLUTE
    ../clib/printf_percent.s                 0x00000000   Number         0  _printf_d.o ABSOLUTE
    ../clib/printf_percent.s                 0x00000000   Number         0  _printf_u.o ABSOLUTE
    ../clib/printf_percent.s                 0x00000000   Number         0  _printf_s.o ABSOLUTE
    ../clib/printf_percent.s                 0x00000000   Number         0  _printf_percent.o ABSOLUTE
    ../clib/printf_percent.s                 0x00000000   Number         0  _printf_percent_end.o ABSOLUTE
    ../clib/scanf.c                          0x00000000   Number         0  _scanf.o ABSOLUTE
    ../clib/scanf.c                          0x00000000   Number         0  _scanf_int.o ABSOLUTE
    ../clib/scanf.c                          0x00000000   Number         0  scanf_char.o ABSOLUTE
    ../clib/scanf.c                          0x00000000   Number         0  _chval.o ABSOLUTE
    ../clib/scanf.c                          0x00000000   Number         0  __0sscanf.o ABSOLUTE
    ../clib/scanf.c                          0x00000000   Number         0  _sgetc.o ABSOLUTE
    ../clib/signal.c                         0x00000000   Number         0  defsig_exit.o ABSOLUTE
    ../clib/signal.c                         0x00000000   Number         0  defsig_rtmem_inner.o ABSOLUTE
    ../clib/signal.c                         0x00000000   Number         0  defsig_rtmem_formal.o ABSOLUTE
    ../clib/signal.c                         0x00000000   Number         0  defsig_abrt_inner.o ABSOLUTE
    ../clib/signal.c                         0x00000000   Number         0  defsig_fpe_inner.o ABSOLUTE
    ../clib/signal.c                         0x00000000   Number         0  defsig_rtred_inner.o ABSOLUTE
    ../clib/signal.c                         0x00000000   Number         0  defsig_stak_inner.o ABSOLUTE
    ../clib/signal.c                         0x00000000   Number         0  defsig_pvfn_inner.o ABSOLUTE
    ../clib/signal.c                         0x00000000   Number         0  defsig_cppl_inner.o ABSOLUTE
    ../clib/signal.c                         0x00000000   Number         0  defsig_segv_inner.o ABSOLUTE
    ../clib/signal.c                         0x00000000   Number         0  defsig_other.o ABSOLUTE
    ../clib/signal.c                         0x00000000   Number         0  defsig_rtmem_outer.o ABSOLUTE
    ../clib/signal.c                         0x00000000   Number         0  defsig_general.o ABSOLUTE
    ../clib/signal.c                         0x00000000   Number         0  __raise.o ABSOLUTE
    ../clib/signal.s                         0x00000000   Number         0  defsig.o ABSOLUTE
    ../clib/stdlib.c                         0x00000000   Number         0  exit.o ABSOLUTE
    ../clib/string.c                         0x00000000   Number         0  strlen.o ABSOLUTE
    ../fplib/fpinit.s                        0x00000000   Number         0  fpinit.o ABSOLUTE
    ../lwip/src/api/lwip_api.c               0x00000000   Number         0  lwip_api.o ABSOLUTE
    ../lwip/src/core/lwip_core.c             0x00000000   Number         0  lwip_core.o ABSOLUTE
    ../lwip/src/netif/lwip_netif.c           0x00000000   Number         0  lwip_netif.o ABSOLUTE
    ../lwip/src/netif/ppp/lwip_ppp.c         0x00000000   Number         0  lwip_ppp.o ABSOLUTE
    ..\Core\Src\lwip_app.c                   0x00000000   Number         0  lwip_app.o ABSOLUTE
    ..\Core\Src\main.c                       0x00000000   Number         0  main.o ABSOLUTE
    ..\Core\Src\pppos_lwip.c                 0x00000000   Number         0  pppos_lwip.o ABSOLUTE
    ..\Core\Src\stm32f1xx_hal_msp.c          0x00000000   Number         0  stm32f1xx_hal_msp.o ABSOLUTE
    ..\Core\Src\stm32f1xx_it.c               0x00000000   Number         0  stm32f1xx_it.o ABSOLUTE
    ..\Core\Src\system_stm32f1xx.c           0x00000000   Number         0  system_stm32f1xx.o ABSOLUTE
    ..\Drivers\STM32F1xx_HAL_Driver\Src\stm32f1xx_hal.c 0x00000000   Number         0  stm32f1xx_hal.o ABSOLUTE
    ..\Drivers\STM32F1xx_HAL_Driver\Src\stm32f1xx_hal_cortex.c 0x00000000   Number         0  stm32f1xx_hal_cortex.o ABSOLUTE
    ..\Drivers\STM32F1xx_HAL_Driver\Src\stm32f1xx_hal_dma.c 0x00000000   Number         0  stm32f1xx_hal_dma.o ABSOLUTE
    ..\Drivers\STM32F1xx_HAL_Driver\Src\stm32f1xx_hal_exti.c 0x00000000   Number         0  stm32f1xx_hal_exti.o ABSOLUTE
    ..\Drivers\STM32F1xx_HAL_Driver\Src\stm32f1xx_hal_flash.c 0x00000000   Number         0  stm32f1xx_hal_flash.o ABSOLUTE
    ..\Drivers\STM32F1xx_HAL_Driver\Src\stm32f1xx_hal_flash_ex.c 0x00000000   Number         0  stm32f1xx_hal_flash_ex.o ABSOLUTE
    ..\Drivers\STM32F1xx_HAL_Driver\Src\stm32f1xx_hal_gpio.c 0x00000000   Number         0  stm32f1xx_hal_gpio.o ABSOLUTE
    ..\Drivers\STM32F1xx_HAL_Driver\Src\stm32f1xx_hal_gpio_ex.c 0x00000000   Number         0  stm32f1xx_hal_gpio_ex.o ABSOLUTE
    ..\Drivers\STM32F1xx_HAL_Driver\Src\stm32f1xx_hal_pwr.c 0x00000000   Number         0  stm32f1xx_hal_pwr.o ABSOLUTE
    ..\Drivers\STM32F1xx_HAL_Driver\Src\stm32f1xx_hal_rcc.c 0x00000000   Number         0  stm32f1xx_hal_rcc.o ABSOLUTE
    ..\Drivers\STM32F1xx_HAL_Driver\Src\stm32f1xx_hal_rcc_ex.c 0x00000000   Number         0  stm32f1xx_hal_rcc_ex.o ABSOLUTE
    ..\Drivers\STM32F1xx_HAL_Driver\Src\stm32f1xx_hal_uart.c 0x00000000   Number         0  stm32f1xx_hal_uart.o ABSOLUTE
    dc.s                                     0x00000000   Number         0  dc.o ABSOLUTE
    startup_stm32f103xb.s                    0x00000000   Number         0  startup_stm32f103xb.o ABSOLUTE
    RESET                                    0x08000000   Section      236  startup_stm32f103xb.o(RESET)
    !!!main                                  0x080000ec   Section        8  __main.o(!!!main)
    !!!scatter                               0x080000f4   Section       52  __scatter.o(!!!scatter)
    !!handler_copy                           0x08000128   Section       26  __scatter_copy.o(!!handler_copy)
    !!handler_zi                             0x08000144   Section       28  __scatter_zi.o(!!handler_zi)
    .ARM.Collect$$_printf_percent$$00000000  0x08000160   Section        0  _printf_percent.o(.ARM.Collect$$_printf_percent$$00000000)
    .ARM.Collect$$_printf_percent$$00000009  0x08000160   Section        6  _printf_d.o(.ARM.Collect$$_printf_percent$$00000009)
    .ARM.Collect$$_printf_percent$$0000000A  0x08000166   Section        6  _printf_u.o(.ARM.Collect$$_printf_percent$$0000000A)
    .ARM.Collect$$_printf_percent$$00000014  0x0800016c   Section        6  _printf_s.o(.ARM.Collect$$_printf_percent$$00000014)
    .ARM.Collect$$_printf_percent$$00000017  0x08000172   Section        4  _printf_percent_end.o(.ARM.Collect$$_printf_percent$$00000017)
    .ARM.Collect$$libinit$$00000000          0x08000176   Section        2  libinit.o(.ARM.Collect$$libinit$$00000000)
    .ARM.Collect$$libinit$$00000002          0x08000178   Section        0  libinit2.o(.ARM.Collect$$libinit$$00000002)
    .ARM.Collect$$libinit$$00000004          0x08000178   Section        0  libinit2.o(.ARM.Collect$$libinit$$00000004)
    .ARM.Collect$$libinit$$00000005          0x08000178   Section        8  libinit2.o(.ARM.Collect$$libinit$$00000005)
    .ARM.Collect$$libinit$$0000000A          0x08000180   Section        0  libinit2.o(.ARM.Collect$$libinit$$0000000A)
    .ARM.Collect$$libinit$$0000000C          0x08000180   Section        0  libinit2.o(.ARM.Collect$$libinit$$0000000C)
    .ARM.Collect$$libinit$$0000000E          0x08000180   Section        0  libinit2.o(.ARM.Collect$$libinit$$0000000E)
    .ARM.Collect$$libinit$$0000000F          0x08000180   Section        6  libinit2.o(.ARM.Collect$$libinit$$0000000F)
    .ARM.Collect$$libinit$$00000011          0x08000186   Section        0  libinit2.o(.ARM.Collect$$libinit$$00000011)
    .ARM.Collect$$libinit$$00000012          0x08000186   Section       12  libinit2.o(.ARM.Collect$$libinit$$00000012)
    .ARM.Collect$$libinit$$00000013          0x08000192   Section        0  libinit2.o(.ARM.Collect$$libinit$$00000013)
    .ARM.Collect$$libinit$$00000015          0x08000192   Section        0  libinit2.o(.ARM.Collect$$libinit$$00000015)
    .ARM.Collect$$libinit$$00000017          0x08000192   Section        0  libinit2.o(.ARM.Collect$$libinit$$00000017)
    .ARM.Collect$$libinit$$00000019          0x08000192   Section        0  libinit2.o(.ARM.Collect$$libinit$$00000019)
    .ARM.Collect$$libinit$$0000001B          0x08000192   Section        0  libinit2.o(.ARM.Collect$$libinit$$0000001B)
    .ARM.Collect$$libinit$$0000001D          0x08000192   Section        0  libinit2.o(.ARM.Collect$$libinit$$0000001D)
    .ARM.Collect$$libinit$$0000001F          0x08000192   Section        0  libinit2.o(.ARM.Collect$$libinit$$0000001F)
    .ARM.Collect$$libinit$$00000021          0x08000192   Section        0  libinit2.o(.ARM.Collect$$libinit$$00000021)
    .ARM.Collect$$libinit$$00000023          0x08000192   Section        0  libinit2.o(.ARM.Collect$$libinit$$00000023)
    .ARM.Collect$$libinit$$00000025          0x08000192   Section        0  libinit2.o(.ARM.Collect$$libinit$$00000025)
    .ARM.Collect$$libinit$$0000002C          0x08000192   Section        0  libinit2.o(.ARM.Collect$$libinit$$0000002C)
    .ARM.Collect$$libinit$$0000002E          0x08000192   Section        0  libinit2.o(.ARM.Collect$$libinit$$0000002E)
    .ARM.Collect$$libinit$$00000030          0x08000192   Section        0  libinit2.o(.ARM.Collect$$libinit$$00000030)
    .ARM.Collect$$libinit$$00000032          0x08000192   Section        0  libinit2.o(.ARM.Collect$$libinit$$00000032)
    .ARM.Collect$$libinit$$00000033          0x08000192   Section        2  libinit2.o(.ARM.Collect$$libinit$$00000033)
    .ARM.Collect$$libshutdown$$00000000      0x08000194   Section        2  libshutdown.o(.ARM.Collect$$libshutdown$$00000000)
    .ARM.Collect$$libshutdown$$00000002      0x08000196   Section        0  libshutdown2.o(.ARM.Collect$$libshutdown$$00000002)
    .ARM.Collect$$libshutdown$$00000004      0x08000196   Section        0  libshutdown2.o(.ARM.Collect$$libshutdown$$00000004)
    .ARM.Collect$$libshutdown$$00000006      0x08000196   Section        0  libshutdown2.o(.ARM.Collect$$libshutdown$$00000006)
    .ARM.Collect$$libshutdown$$00000009      0x08000196   Section        0  libshutdown2.o(.ARM.Collect$$libshutdown$$00000009)
    .ARM.Collect$$libshutdown$$0000000C      0x08000196   Section        0  libshutdown2.o(.ARM.Collect$$libshutdown$$0000000C)
    .ARM.Collect$$libshutdown$$0000000E      0x08000196   Section        0  libshutdown2.o(.ARM.Collect$$libshutdown$$0000000E)
    .ARM.Collect$$libshutdown$$00000011      0x08000196   Section        0  libshutdown2.o(.ARM.Collect$$libshutdown$$00000011)
    .ARM.Collect$$libshutdown$$00000012      0x08000196   Section        2  libshutdown2.o(.ARM.Collect$$libshutdown$$00000012)
    .ARM.Collect$$rtentry$$00000000          0x08000198   Section        0  __rtentry.o(.ARM.Collect$$rtentry$$00000000)
    .ARM.Collect$$rtentry$$00000002          0x08000198   Section        0  __rtentry2.o(.ARM.Collect$$rtentry$$00000002)
    .ARM.Collect$$rtentry$$00000004          0x08000198   Section        6  __rtentry4.o(.ARM.Collect$$rtentry$$00000004)
    .ARM.Collect$$rtentry$$00000009          0x0800019e   Section        0  __rtentry2.o(.ARM.Collect$$rtentry$$00000009)
    .ARM.Collect$$rtentry$$0000000A          0x0800019e   Section        4  __rtentry2.o(.ARM.Collect$$rtentry$$0000000A)
    .ARM.Collect$$rtentry$$0000000C          0x080001a2   Section        0  __rtentry2.o(.ARM.Collect$$rtentry$$0000000C)
    .ARM.Collect$$rtentry$$0000000D          0x080001a2   Section        8  __rtentry2.o(.ARM.Collect$$rtentry$$0000000D)
    .ARM.Collect$$rtexit$$00000000           0x080001aa   Section        2  rtexit.o(.ARM.Collect$$rtexit$$00000000)
    .ARM.Collect$$rtexit$$00000002           0x080001ac   Section        0  rtexit2.o(.ARM.Collect$$rtexit$$00000002)
    .ARM.Collect$$rtexit$$00000003           0x080001ac   Section        4  rtexit2.o(.ARM.Collect$$rtexit$$00000003)
    .ARM.Collect$$rtexit$$00000004           0x080001b0   Section        6  rtexit2.o(.ARM.Collect$$rtexit$$00000004)
    .emb_text                                0x080001b8   Section        0  maybetermalloc1.o(.emb_text)
    .text                                    0x080001b8   Section       64  startup_stm32f103xb.o(.text)
    .text                                    0x080001f8   Section        0  h1_alloc.o(.text)
    .text                                    0x08000256   Section        0  h1_free.o(.text)
    .text                                    0x080002a4   Section        0  noretval__2snprintf.o(.text)
    .text                                    0x080002d8   Section        0  __printf.o(.text)
    .text                                    0x08000340   Section        0  _printf_str.o(.text)
    .text                                    0x08000394   Section        0  _printf_dec.o(.text)
    .text                                    0x0800040c   Section        0  __0sscanf.o(.text)
    .text                                    0x08000448   Section        0  _scanf_int.o(.text)
    .text                                    0x08000594   Section        0  strlen.o(.text)
    .text                                    0x080005d2   Section      138  rt_memcpy_v6.o(.text)
    .text                                    0x0800065c   Section       68  rt_memclr.o(.text)
    .text                                    0x080006a0   Section       78  rt_memclr_w.o(.text)
    .text                                    0x080006ee   Section        0  heapauxi.o(.text)
    .text                                    0x080006f4   Section        8  rt_heap_descriptor_intlibspace.o(.text)
    .text                                    0x080006fc   Section        0  hguard.o(.text)
    .text                                    0x08000700   Section        0  init_alloc.o(.text)
    .text                                    0x0800078a   Section        0  h1_init.o(.text)
    .text                                    0x08000798   Section        0  _printf_intcommon.o(.text)
    .text                                    0x0800084c   Section        0  _printf_char_common.o(.text)
    _printf_input_char                       0x0800084d   Thumb Code    10  _printf_char_common.o(.text)
    .text                                    0x0800087c   Section        0  _sputc.o(.text)
    .text                                    0x08000886   Section        0  _snputc.o(.text)
    .text                                    0x08000896   Section        0  _printf_char.o(.text)
    .text                                    0x080008c2   Section        0  _chval.o(.text)
    .text                                    0x080008e0   Section        0  scanf_char.o(.text)
    _scanf_char_input                        0x080008e1   Thumb Code    12  scanf_char.o(.text)
    .text                                    0x0800090c   Section        0  _sgetc.o(.text)
    .text                                    0x0800094c   Section      100  rt_memcpy_w.o(.text)
    .text                                    0x080009b0   Section        8  libspace.o(.text)
    .text                                    0x080009b8   Section        0  h1_extend.o(.text)
    .text                                    0x080009ec   Section        0  isspace.o(.text)
    .text                                    0x08000a00   Section        0  _scanf.o(.text)
    .text                                    0x08000d74   Section        0  defsig_rtmem_outer.o(.text)
    .text                                    0x08000d82   Section        2  use_no_semi.o(.text)
    .text                                    0x08000d84   Section        0  indicate_semi.o(.text)
    .text                                    0x08000d84   Section       74  sys_stackheap_outer.o(.text)
    .text                                    0x08000dd0   Section       16  rt_ctype_table.o(.text)
    .text                                    0x08000de0   Section        0  exit.o(.text)
    .text                                    0x08000df2   Section        0  defsig_exit.o(.text)
    .text                                    0x08000dfc   Section        0  defsig_rtmem_inner.o(.text)
    .text                                    0x08000e4c   Section        0  sys_exit.o(.text)
    .text                                    0x08000e58   Section        8  rt_locale_intlibspace.o(.text)
    .text                                    0x08000e60   Section        0  defsig_general.o(.text)
    .text                                    0x08000e92   Section        0  sys_wrch.o(.text)
    .text                                    0x08000ea0   Section      128  strcmpv7m.o(.text)
    i.BusFault_Handler                       0x08000f20   Section        0  stm32f1xx_it.o(i.BusFault_Handler)
    i.DebugMon_Handler                       0x08000f22   Section        0  stm32f1xx_it.o(i.DebugMon_Handler)
    i.HAL_GPIO_Init                          0x08000f24   Section        0  stm32f1xx_hal_gpio.o(i.HAL_GPIO_Init)
    i.HAL_GetTick                            0x08001104   Section        0  stm32f1xx_hal.o(i.HAL_GetTick)
    i.HAL_IncTick                            0x08001110   Section        0  stm32f1xx_hal.o(i.HAL_IncTick)
    i.HAL_Init                               0x08001120   Section        0  stm32f1xx_hal.o(i.HAL_Init)
    i.HAL_InitTick                           0x08001144   Section        0  stm32f1xx_hal.o(i.HAL_InitTick)
    i.HAL_MspInit                            0x08001184   Section        0  stm32f1xx_hal_msp.o(i.HAL_MspInit)
    i.HAL_NVIC_SetPriority                   0x080011c0   Section        0  stm32f1xx_hal_cortex.o(i.HAL_NVIC_SetPriority)
    i.HAL_NVIC_SetPriorityGrouping           0x08001200   Section        0  stm32f1xx_hal_cortex.o(i.HAL_NVIC_SetPriorityGrouping)
    i.HAL_RCC_ClockConfig                    0x08001224   Section        0  stm32f1xx_hal_rcc.o(i.HAL_RCC_ClockConfig)
    i.HAL_RCC_GetPCLK1Freq                   0x08001350   Section        0  stm32f1xx_hal_rcc.o(i.HAL_RCC_GetPCLK1Freq)
    i.HAL_RCC_GetPCLK2Freq                   0x08001370   Section        0  stm32f1xx_hal_rcc.o(i.HAL_RCC_GetPCLK2Freq)
    i.HAL_RCC_GetSysClockFreq                0x08001390   Section        0  stm32f1xx_hal_rcc.o(i.HAL_RCC_GetSysClockFreq)
    i.HAL_RCC_OscConfig                      0x080013dc   Section        0  stm32f1xx_hal_rcc.o(i.HAL_RCC_OscConfig)
    i.HAL_SYSTICK_Config                     0x080016fc   Section        0  stm32f1xx_hal_cortex.o(i.HAL_SYSTICK_Config)
    i.HAL_UART_Init                          0x08001724   Section        0  stm32f1xx_hal_uart.o(i.HAL_UART_Init)
    i.HAL_UART_MspInit                       0x08001788   Section        0  stm32f1xx_hal_msp.o(i.HAL_UART_MspInit)
    i.HAL_UART_Receive_IT                    0x080017f8   Section        0  stm32f1xx_hal_uart.o(i.HAL_UART_Receive_IT)
    i.HAL_UART_Transmit                      0x08001814   Section        0  stm32f1xx_hal_uart.o(i.HAL_UART_Transmit)
    i.HardFault_Handler                      0x080018b4   Section        0  stm32f1xx_it.o(i.HardFault_Handler)
    i.LWIP_HttpGetTest                       0x080018b8   Section        0  lwip_app.o(i.LWIP_HttpGetTest)
    i.LWIP_PingTest                          0x08001994   Section        0  lwip_app.o(i.LWIP_PingTest)
    i.MemManage_Handler                      0x08001a04   Section        0  stm32f1xx_it.o(i.MemManage_Handler)
    i.NMI_Handler                            0x08001a06   Section        0  stm32f1xx_it.o(i.NMI_Handler)
    i.PPPOS_DebugPrint                       0x08001a08   Section        0  pppos_lwip.o(i.PPPOS_DebugPrint)
    PPPOS_DebugPrint                         0x08001a09   Thumb Code    38  pppos_lwip.o(i.PPPOS_DebugPrint)
    i.PPPOS_Init                             0x08001a34   Section        0  pppos_lwip.o(i.PPPOS_Init)
    i.PPPOS_IsLinkUp                         0x08001a98   Section        0  pppos_lwip.o(i.PPPOS_IsLinkUp)
    i.PPPOS_Process                          0x08001aa4   Section        0  pppos_lwip.o(i.PPPOS_Process)
    i.PPPOS_UART_RxStart                     0x08001aa8   Section        0  pppos_lwip.o(i.PPPOS_UART_RxStart)
    PPPOS_UART_RxStart                       0x08001aa9   Thumb Code    20  pppos_lwip.o(i.PPPOS_UART_RxStart)
    i.PendSV_Handler                         0x08001ac0   Section        0  stm32f1xx_it.o(i.PendSV_Handler)
    i.SVC_Handler                            0x08001ac2   Section        0  stm32f1xx_it.o(i.SVC_Handler)
    i.SysTick_Handler                        0x08001ac4   Section        0  stm32f1xx_it.o(i.SysTick_Handler)
    i.SystemClock_Config                     0x08001ac8   Section        0  main.o(i.SystemClock_Config)
    i.SystemInit                             0x08001b18   Section        0  system_stm32f1xx.o(i.SystemInit)
    i.UART_EndRxTransfer                     0x08001b1a   Section        0  stm32f1xx_hal_uart.o(i.UART_EndRxTransfer)
    UART_EndRxTransfer                       0x08001b1b   Thumb Code    78  stm32f1xx_hal_uart.o(i.UART_EndRxTransfer)
    i.UART_SetConfig                         0x08001b68   Section        0  stm32f1xx_hal_uart.o(i.UART_SetConfig)
    UART_SetConfig                           0x08001b69   Thumb Code   178  stm32f1xx_hal_uart.o(i.UART_SetConfig)
    i.UART_Start_Receive_IT                  0x08001c20   Section        0  stm32f1xx_hal_uart.o(i.UART_Start_Receive_IT)
    i.UART_WaitOnFlagUntilTimeout            0x08001c56   Section        0  stm32f1xx_hal_uart.o(i.UART_WaitOnFlagUntilTimeout)
    UART_WaitOnFlagUntilTimeout              0x08001c57   Thumb Code   114  stm32f1xx_hal_uart.o(i.UART_WaitOnFlagUntilTimeout)
    i.UsageFault_Handler                     0x08001cc8   Section        0  stm32f1xx_it.o(i.UsageFault_Handler)
    i.__NVIC_SetPriority                     0x08001cca   Section        0  stm32f1xx_hal_cortex.o(i.__NVIC_SetPriority)
    __NVIC_SetPriority                       0x08001ccb   Thumb Code    32  stm32f1xx_hal_cortex.o(i.__NVIC_SetPriority)
    i.closesocket                            0x08001cea   Section        0  lwip_api.o(i.closesocket)
    i.connect                                0x08001cee   Section        0  lwip_api.o(i.connect)
    i.gethostbyname                          0x08001cf4   Section        0  lwip_api.o(i.gethostbyname)
    i.inet_chksum                            0x08001cf8   Section        0  lwip_core.o(i.inet_chksum)
    i.ipaddr_aton                            0x08001d20   Section        0  lwip_core.o(i.ipaddr_aton)
    i.ipaddr_ntoa                            0x08001d70   Section        0  lwip_core.o(i.ipaddr_ntoa)
    i.main                                   0x08001da4   Section        0  main.o(i.main)
    i.pbuf_alloc                             0x08001e40   Section        0  lwip_netif.o(i.pbuf_alloc)
    i.pbuf_free                              0x08001e74   Section        0  lwip_netif.o(i.pbuf_free)
    i.ping_recv                              0x08001e8c   Section        0  lwip_app.o(i.ping_recv)
    ping_recv                                0x08001e8d   Thumb Code    10  lwip_app.o(i.ping_recv)
    i.ppp_set_usepeerdns                     0x08001e96   Section        0  lwip_ppp.o(i.ppp_set_usepeerdns)
    i.ppp_status_cb                          0x08001e98   Section        0  pppos_lwip.o(i.ppp_status_cb)
    ppp_status_cb                            0x08001e99   Thumb Code   184  pppos_lwip.o(i.ppp_status_cb)
    i.pppapi_connect                         0x080020b0   Section        0  lwip_ppp.o(i.pppapi_connect)
    i.pppapi_pppos_create                    0x080020b2   Section        0  lwip_ppp.o(i.pppapi_pppos_create)
    i.pppapi_set_default                     0x080020c4   Section        0  lwip_ppp.o(i.pppapi_set_default)
    i.pppos_output_cb                        0x080020c8   Section        0  pppos_lwip.o(i.pppos_output_cb)
    pppos_output_cb                          0x080020c9   Thumb Code    32  pppos_lwip.o(i.pppos_output_cb)
    i.raw_bind                               0x080020ec   Section        0  lwip_netif.o(i.raw_bind)
    i.raw_new                                0x080020f4   Section        0  lwip_netif.o(i.raw_new)
    i.raw_recv                               0x0800210e   Section        0  lwip_netif.o(i.raw_recv)
    i.raw_remove                             0x08002118   Section        0  lwip_netif.o(i.raw_remove)
    i.raw_sendto                             0x0800211c   Section        0  lwip_netif.o(i.raw_sendto)
    i.recv                                   0x08002120   Section        0  lwip_api.o(i.recv)
    i.send                                   0x08002126   Section        0  lwip_api.o(i.send)
    i.socket                                 0x0800212c   Section        0  lwip_api.o(i.socket)
    locale$$code                             0x08002134   Section       44  lc_ctype_c.o(locale$$code)
    .constdata                               0x08002160   Section       18  stm32f1xx_hal_rcc.o(.constdata)
    aPredivFactorTable                       0x08002160   Data           2  stm32f1xx_hal_rcc.o(.constdata)
    aPLLMULFactorTable                       0x08002162   Data          16  stm32f1xx_hal_rcc.o(.constdata)
    .constdata                               0x08002172   Section       16  system_stm32f1xx.o(.constdata)
    .constdata                               0x08002182   Section        8  system_stm32f1xx.o(.constdata)
    locale$$data                             0x080021ac   Section      272  lc_ctype_c.o(locale$$data)
    __lcctype_c_name                         0x080021b0   Data           2  lc_ctype_c.o(locale$$data)
    __lcctype_c_start                        0x080021b8   Data           0  lc_ctype_c.o(locale$$data)
    __lcctype_c_end                          0x080022bc   Data           0  lc_ctype_c.o(locale$$data)
    .data                                    0x20000000   Section        1  main.o(.data)
    test_done                                0x20000000   Data           1  main.o(.data)
    .data                                    0x20000004   Section       12  pppos_lwip.o(.data)
    ppp_link_up                              0x20000004   Data           1  pppos_lwip.o(.data)
    uart_rx_byte                             0x20000005   Data           1  pppos_lwip.o(.data)
    pppos_huart                              0x20000008   Data           4  pppos_lwip.o(.data)
    ppp                                      0x2000000c   Data           4  pppos_lwip.o(.data)
    .data                                    0x20000010   Section       12  stm32f1xx_hal.o(.data)
    .data                                    0x2000001c   Section        4  system_stm32f1xx.o(.data)
    .bss                                     0x20000020   Section       72  main.o(.bss)
    .bss                                     0x20000068   Section       12  pppos_lwip.o(.bss)
    ppp_netif                                0x20000068   Data          12  pppos_lwip.o(.bss)
    .bss                                     0x20000074   Section       16  lwip_core.o(.bss)
    str                                      0x20000074   Data          16  lwip_core.o(.bss)
    .bss                                     0x20000084   Section       96  libspace.o(.bss)
    HEAP                                     0x200000e8   Section      512  startup_stm32f103xb.o(HEAP)
    Heap_Mem                                 0x200000e8   Data         512  startup_stm32f103xb.o(HEAP)
    STACK                                    0x200002e8   Section     1024  startup_stm32f103xb.o(STACK)
    Stack_Mem                                0x200002e8   Data        1024  startup_stm32f103xb.o(STACK)
    __initial_sp                             0x200006e8   Data           0  startup_stm32f103xb.o(STACK)

    Global Symbols

    Symbol Name                              Value     Ov Type        Size  Object(Section)

    BuildAttributes$$THM_ISAv4$P$D$K$B$S$PE$A:L22UL41UL21$X:L11$S22US41US21$IEEE1$IW$USESV6$~STKCKD$USESV7$~SHL$OTIME$ROPI$EBA8$UX$STANDARDLIB$REQ8$PRES8$EABIv2 0x00000000   Number         0  anon$$obj.o ABSOLUTE
    __ARM_use_no_argv                        0x00000000   Number         0  main.o ABSOLUTE
    __ARM_exceptions_init                     - Undefined Weak Reference
    __alloca_initialize                       - Undefined Weak Reference
    __arm_fini_                               - Undefined Weak Reference
    __arm_preinit_                            - Undefined Weak Reference
    __cpp_initialize__aeabi_                  - Undefined Weak Reference
    __cxa_finalize                            - Undefined Weak Reference
    __sigvec_lookup                           - Undefined Weak Reference
    __user_heap_extent                        - Undefined Weak Reference
    _atexit_init                              - Undefined Weak Reference
    _call_atexit_fns                          - Undefined Weak Reference
    _clock_init                               - Undefined Weak Reference
    _fp_trap_init                             - Undefined Weak Reference
    _fp_trap_shutdown                         - Undefined Weak Reference
    _get_lc_collate                           - Undefined Weak Reference
    _get_lc_monetary                          - Undefined Weak Reference
    _get_lc_numeric                           - Undefined Weak Reference
    _get_lc_time                              - Undefined Weak Reference
    _getenv_init                              - Undefined Weak Reference
    _handle_redirection                       - Undefined Weak Reference
    _initio                                   - Undefined Weak Reference
    _mutex_acquire                            - Undefined Weak Reference
    _mutex_free                               - Undefined Weak Reference
    _mutex_release                            - Undefined Weak Reference
    _printf_mbtowc                            - Undefined Weak Reference
    _printf_post_padding                      - Undefined Weak Reference
    _printf_pre_padding                       - Undefined Weak Reference
    _printf_truncate_signed                   - Undefined Weak Reference
    _printf_truncate_unsigned                 - Undefined Weak Reference
    _rand_init                                - Undefined Weak Reference
    _scanf_longlong                           - Undefined Weak Reference
    _scanf_mbtowc                             - Undefined Weak Reference
    _scanf_real                               - Undefined Weak Reference
    _scanf_string                             - Undefined Weak Reference
    _scanf_wctomb                             - Undefined Weak Reference
    _scanf_wstring                            - Undefined Weak Reference
    _signal_finish                            - Undefined Weak Reference
    _signal_init                              - Undefined Weak Reference
    _terminateio                              - Undefined Weak Reference
    __Vectors_Size                           0x000000ec   Number         0  startup_stm32f103xb.o ABSOLUTE
    __Vectors                                0x08000000   Data           4  startup_stm32f103xb.o(RESET)
    __Vectors_End                            0x080000ec   Data           0  startup_stm32f103xb.o(RESET)
    __main                                   0x080000ed   Thumb Code     8  __main.o(!!!main)
    __scatterload                            0x080000f5   Thumb Code     0  __scatter.o(!!!scatter)
    __scatterload_rt2                        0x080000f5   Thumb Code    44  __scatter.o(!!!scatter)
    __scatterload_rt2_thumb_only             0x080000f5   Thumb Code     0  __scatter.o(!!!scatter)
    __scatterload_null                       0x08000103   Thumb Code     0  __scatter.o(!!!scatter)
    __scatterload_copy                       0x08000129   Thumb Code    26  __scatter_copy.o(!!handler_copy)
    __scatterload_zeroinit                   0x08000145   Thumb Code    28  __scatter_zi.o(!!handler_zi)
    _printf_d                                0x08000161   Thumb Code     0  _printf_d.o(.ARM.Collect$$_printf_percent$$00000009)
    _printf_percent                          0x08000161   Thumb Code     0  _printf_percent.o(.ARM.Collect$$_printf_percent$$00000000)
    _printf_u                                0x08000167   Thumb Code     0  _printf_u.o(.ARM.Collect$$_printf_percent$$0000000A)
    _printf_s                                0x0800016d   Thumb Code     0  _printf_s.o(.ARM.Collect$$_printf_percent$$00000014)
    _printf_percent_end                      0x08000173   Thumb Code     0  _printf_percent_end.o(.ARM.Collect$$_printf_percent$$00000017)
    __rt_lib_init                            0x08000177   Thumb Code     0  libinit.o(.ARM.Collect$$libinit$$00000000)
    __rt_lib_init_fp_1                       0x08000179   Thumb Code     0  libinit2.o(.ARM.Collect$$libinit$$00000002)
    __rt_lib_init_heap_2                     0x08000179   Thumb Code     0  libinit2.o(.ARM.Collect$$libinit$$00000005)
    __rt_lib_init_preinit_1                  0x08000179   Thumb Code     0  libinit2.o(.ARM.Collect$$libinit$$00000004)
    __rt_lib_init_heap_1                     0x08000181   Thumb Code     0  libinit2.o(.ARM.Collect$$libinit$$0000000A)
    __rt_lib_init_lc_common                  0x08000181   Thumb Code     0  libinit2.o(.ARM.Collect$$libinit$$0000000F)
    __rt_lib_init_rand_1                     0x08000181   Thumb Code     0  libinit2.o(.ARM.Collect$$libinit$$0000000E)
    __rt_lib_init_user_alloc_1               0x08000181   Thumb Code     0  libinit2.o(.ARM.Collect$$libinit$$0000000C)
    __rt_lib_init_lc_collate_1               0x08000187   Thumb Code     0  libinit2.o(.ARM.Collect$$libinit$$00000011)
    __rt_lib_init_lc_ctype_2                 0x08000187   Thumb Code     0  libinit2.o(.ARM.Collect$$libinit$$00000012)
    __rt_lib_init_alloca_1                   0x08000193   Thumb Code     0  libinit2.o(.ARM.Collect$$libinit$$0000002E)
    __rt_lib_init_argv_1                     0x08000193   Thumb Code     0  libinit2.o(.ARM.Collect$$libinit$$0000002C)
    __rt_lib_init_atexit_1                   0x08000193   Thumb Code     0  libinit2.o(.ARM.Collect$$libinit$$0000001B)
    __rt_lib_init_clock_1                    0x08000193   Thumb Code     0  libinit2.o(.ARM.Collect$$libinit$$00000021)
    __rt_lib_init_cpp_1                      0x08000193   Thumb Code     0  libinit2.o(.ARM.Collect$$libinit$$00000032)
    __rt_lib_init_exceptions_1               0x08000193   Thumb Code     0  libinit2.o(.ARM.Collect$$libinit$$00000030)
    __rt_lib_init_fp_trap_1                  0x08000193   Thumb Code     0  libinit2.o(.ARM.Collect$$libinit$$0000001F)
    __rt_lib_init_getenv_1                   0x08000193   Thumb Code     0  libinit2.o(.ARM.Collect$$libinit$$00000023)
    __rt_lib_init_lc_ctype_1                 0x08000193   Thumb Code     0  libinit2.o(.ARM.Collect$$libinit$$00000013)
    __rt_lib_init_lc_monetary_1              0x08000193   Thumb Code     0  libinit2.o(.ARM.Collect$$libinit$$00000015)
    __rt_lib_init_lc_numeric_1               0x08000193   Thumb Code     0  libinit2.o(.ARM.Collect$$libinit$$00000017)
    __rt_lib_init_lc_time_1                  0x08000193   Thumb Code     0  libinit2.o(.ARM.Collect$$libinit$$00000019)
    __rt_lib_init_return                     0x08000193   Thumb Code     0  libinit2.o(.ARM.Collect$$libinit$$00000033)
    __rt_lib_init_signal_1                   0x08000193   Thumb Code     0  libinit2.o(.ARM.Collect$$libinit$$0000001D)
    __rt_lib_init_stdio_1                    0x08000193   Thumb Code     0  libinit2.o(.ARM.Collect$$libinit$$00000025)
    __rt_lib_shutdown                        0x08000195   Thumb Code     0  libshutdown.o(.ARM.Collect$$libshutdown$$00000000)
    __rt_lib_shutdown_cpp_1                  0x08000197   Thumb Code     0  libshutdown2.o(.ARM.Collect$$libshutdown$$00000004)
    __rt_lib_shutdown_fini_1                 0x08000197   Thumb Code     0  libshutdown2.o(.ARM.Collect$$libshutdown$$00000002)
    __rt_lib_shutdown_fp_trap_1              0x08000197   Thumb Code     0  libshutdown2.o(.ARM.Collect$$libshutdown$$00000009)
    __rt_lib_shutdown_heap_1                 0x08000197   Thumb Code     0  libshutdown2.o(.ARM.Collect$$libshutdown$$00000011)
    __rt_lib_shutdown_return                 0x08000197   Thumb Code     0  libshutdown2.o(.ARM.Collect$$libshutdown$$00000012)
    __rt_lib_shutdown_signal_1               0x08000197   Thumb Code     0  libshutdown2.o(.ARM.Collect$$libshutdown$$0000000C)
    __rt_lib_shutdown_stdio_1                0x08000197   Thumb Code     0  libshutdown2.o(.ARM.Collect$$libshutdown$$00000006)
    __rt_lib_shutdown_user_alloc_1           0x08000197   Thumb Code     0  libshutdown2.o(.ARM.Collect$$libshutdown$$0000000E)
    __rt_entry                               0x08000199   Thumb Code     0  __rtentry.o(.ARM.Collect$$rtentry$$00000000)
    __rt_entry_presh_1                       0x08000199   Thumb Code     0  __rtentry2.o(.ARM.Collect$$rtentry$$00000002)
    __rt_entry_sh                            0x08000199   Thumb Code     0  __rtentry4.o(.ARM.Collect$$rtentry$$00000004)
    __rt_entry_li                            0x0800019f   Thumb Code     0  __rtentry2.o(.ARM.Collect$$rtentry$$0000000A)
    __rt_entry_postsh_1                      0x0800019f   Thumb Code     0  __rtentry2.o(.ARM.Collect$$rtentry$$00000009)
    __rt_entry_main                          0x080001a3   Thumb Code     0  __rtentry2.o(.ARM.Collect$$rtentry$$0000000D)
    __rt_entry_postli_1                      0x080001a3   Thumb Code     0  __rtentry2.o(.ARM.Collect$$rtentry$$0000000C)
    __rt_exit                                0x080001ab   Thumb Code     0  rtexit.o(.ARM.Collect$$rtexit$$00000000)
    __rt_exit_ls                             0x080001ad   Thumb Code     0  rtexit2.o(.ARM.Collect$$rtexit$$00000003)
    __rt_exit_prels_1                        0x080001ad   Thumb Code     0  rtexit2.o(.ARM.Collect$$rtexit$$00000002)
    __rt_exit_exit                           0x080001b1   Thumb Code     0  rtexit2.o(.ARM.Collect$$rtexit$$00000004)
    Reset_Handler                            0x080001b9   Thumb Code     8  startup_stm32f103xb.o(.text)
    _maybe_terminate_alloc                   0x080001b9   Thumb Code     0  maybetermalloc1.o(.emb_text)
    ADC1_2_IRQHandler                        0x080001d3   Thumb Code     0  startup_stm32f103xb.o(.text)
    CAN1_RX1_IRQHandler                      0x080001d3   Thumb Code     0  startup_stm32f103xb.o(.text)
    CAN1_SCE_IRQHandler                      0x080001d3   Thumb Code     0  startup_stm32f103xb.o(.text)
    DMA1_Channel1_IRQHandler                 0x080001d3   Thumb Code     0  startup_stm32f103xb.o(.text)
    DMA1_Channel2_IRQHandler                 0x080001d3   Thumb Code     0  startup_stm32f103xb.o(.text)
    DMA1_Channel3_IRQHandler                 0x080001d3   Thumb Code     0  startup_stm32f103xb.o(.text)
    DMA1_Channel4_IRQHandler                 0x080001d3   Thumb Code     0  startup_stm32f103xb.o(.text)
    DMA1_Channel5_IRQHandler                 0x080001d3   Thumb Code     0  startup_stm32f103xb.o(.text)
    DMA1_Channel6_IRQHandler                 0x080001d3   Thumb Code     0  startup_stm32f103xb.o(.text)
    DMA1_Channel7_IRQHandler                 0x080001d3   Thumb Code     0  startup_stm32f103xb.o(.text)
    EXTI0_IRQHandler                         0x080001d3   Thumb Code     0  startup_stm32f103xb.o(.text)
    EXTI15_10_IRQHandler                     0x080001d3   Thumb Code     0  startup_stm32f103xb.o(.text)
    EXTI1_IRQHandler                         0x080001d3   Thumb Code     0  startup_stm32f103xb.o(.text)
    EXTI2_IRQHandler                         0x080001d3   Thumb Code     0  startup_stm32f103xb.o(.text)
    EXTI3_IRQHandler                         0x080001d3   Thumb Code     0  startup_stm32f103xb.o(.text)
    EXTI4_IRQHandler                         0x080001d3   Thumb Code     0  startup_stm32f103xb.o(.text)
    EXTI9_5_IRQHandler                       0x080001d3   Thumb Code     0  startup_stm32f103xb.o(.text)
    FLASH_IRQHandler                         0x080001d3   Thumb Code     0  startup_stm32f103xb.o(.text)
    I2C1_ER_IRQHandler                       0x080001d3   Thumb Code     0  startup_stm32f103xb.o(.text)
    I2C1_EV_IRQHandler                       0x080001d3   Thumb Code     0  startup_stm32f103xb.o(.text)
    I2C2_ER_IRQHandler                       0x080001d3   Thumb Code     0  startup_stm32f103xb.o(.text)
    I2C2_EV_IRQHandler                       0x080001d3   Thumb Code     0  startup_stm32f103xb.o(.text)
    PVD_IRQHandler                           0x080001d3   Thumb Code     0  startup_stm32f103xb.o(.text)
    RCC_IRQHandler                           0x080001d3   Thumb Code     0  startup_stm32f103xb.o(.text)
    RTC_Alarm_IRQHandler                     0x080001d3   Thumb Code     0  startup_stm32f103xb.o(.text)
    RTC_IRQHandler                           0x080001d3   Thumb Code     0  startup_stm32f103xb.o(.text)
    SPI1_IRQHandler                          0x080001d3   Thumb Code     0  startup_stm32f103xb.o(.text)
    SPI2_IRQHandler                          0x080001d3   Thumb Code     0  startup_stm32f103xb.o(.text)
    TAMPER_IRQHandler                        0x080001d3   Thumb Code     0  startup_stm32f103xb.o(.text)
    TIM1_BRK_IRQHandler                      0x080001d3   Thumb Code     0  startup_stm32f103xb.o(.text)
    TIM1_CC_IRQHandler                       0x080001d3   Thumb Code     0  startup_stm32f103xb.o(.text)
    TIM1_TRG_COM_IRQHandler                  0x080001d3   Thumb Code     0  startup_stm32f103xb.o(.text)
    TIM1_UP_IRQHandler                       0x080001d3   Thumb Code     0  startup_stm32f103xb.o(.text)
    TIM2_IRQHandler                          0x080001d3   Thumb Code     0  startup_stm32f103xb.o(.text)
    TIM3_IRQHandler                          0x080001d3   Thumb Code     0  startup_stm32f103xb.o(.text)
    TIM4_IRQHandler                          0x080001d3   Thumb Code     0  startup_stm32f103xb.o(.text)
    USART1_IRQHandler                        0x080001d3   Thumb Code     0  startup_stm32f103xb.o(.text)
    USART2_IRQHandler                        0x080001d3   Thumb Code     0  startup_stm32f103xb.o(.text)
    USART3_IRQHandler                        0x080001d3   Thumb Code     0  startup_stm32f103xb.o(.text)
    USBWakeUp_IRQHandler                     0x080001d3   Thumb Code     0  startup_stm32f103xb.o(.text)
    USB_HP_CAN1_TX_IRQHandler                0x080001d3   Thumb Code     0  startup_stm32f103xb.o(.text)
    USB_LP_CAN1_RX0_IRQHandler               0x080001d3   Thumb Code     0  startup_stm32f103xb.o(.text)
    WWDG_IRQHandler                          0x080001d3   Thumb Code     0  startup_stm32f103xb.o(.text)
    __user_initial_stackheap                 0x080001d5   Thumb Code     0  startup_stm32f103xb.o(.text)
    malloc                                   0x080001f9   Thumb Code    94  h1_alloc.o(.text)
    free                                     0x08000257   Thumb Code    78  h1_free.o(.text)
    __2snprintf                              0x080002a5   Thumb Code    48  noretval__2snprintf.o(.text)
    __printf                                 0x080002d9   Thumb Code   104  __printf.o(.text)
    _printf_str                              0x08000341   Thumb Code    82  _printf_str.o(.text)
    _printf_int_dec                          0x08000395   Thumb Code   104  _printf_dec.o(.text)
    __0sscanf                                0x0800040d   Thumb Code    52  __0sscanf.o(.text)
    _scanf_int                               0x08000449   Thumb Code   332  _scanf_int.o(.text)
    strlen                                   0x08000595   Thumb Code    62  strlen.o(.text)
    __aeabi_memcpy                           0x080005d3   Thumb Code     0  rt_memcpy_v6.o(.text)
    __rt_memcpy                              0x080005d3   Thumb Code   138  rt_memcpy_v6.o(.text)
    _memcpy_lastbytes                        0x08000639   Thumb Code     0  rt_memcpy_v6.o(.text)
    __aeabi_memclr                           0x0800065d   Thumb Code     0  rt_memclr.o(.text)
    __rt_memclr                              0x0800065d   Thumb Code    68  rt_memclr.o(.text)
    _memset                                  0x08000661   Thumb Code     0  rt_memclr.o(.text)
    __aeabi_memclr4                          0x080006a1   Thumb Code     0  rt_memclr_w.o(.text)
    __aeabi_memclr8                          0x080006a1   Thumb Code     0  rt_memclr_w.o(.text)
    __rt_memclr_w                            0x080006a1   Thumb Code    78  rt_memclr_w.o(.text)
    _memset_w                                0x080006a5   Thumb Code     0  rt_memclr_w.o(.text)
    __use_two_region_memory                  0x080006ef   Thumb Code     2  heapauxi.o(.text)
    __rt_heap_escrow                         0x080006f1   Thumb Code     2  heapauxi.o(.text)
    __rt_heap_expand                         0x080006f3   Thumb Code     2  heapauxi.o(.text)
    __rt_heap_descriptor                     0x080006f5   Thumb Code     8  rt_heap_descriptor_intlibspace.o(.text)
    __use_no_heap                            0x080006fd   Thumb Code     2  hguard.o(.text)
    __heap$guard                             0x080006ff   Thumb Code     2  hguard.o(.text)
    _terminate_user_alloc                    0x08000701   Thumb Code     2  init_alloc.o(.text)
    _init_user_alloc                         0x08000703   Thumb Code     2  init_alloc.o(.text)
    __Heap_Full                              0x08000705   Thumb Code    34  init_alloc.o(.text)
    __Heap_Broken                            0x08000727   Thumb Code     6  init_alloc.o(.text)
    _init_alloc                              0x0800072d   Thumb Code    94  init_alloc.o(.text)
    __Heap_Initialize                        0x0800078b   Thumb Code    10  h1_init.o(.text)
    __Heap_DescSize                          0x08000795   Thumb Code     4  h1_init.o(.text)
    _printf_int_common                       0x08000799   Thumb Code   178  _printf_intcommon.o(.text)
    _printf_char_common                      0x08000857   Thumb Code    32  _printf_char_common.o(.text)
    _sputc                                   0x0800087d   Thumb Code    10  _sputc.o(.text)
    _snputc                                  0x08000887   Thumb Code    16  _snputc.o(.text)
    _printf_cs_common                        0x08000897   Thumb Code    20  _printf_char.o(.text)
    _printf_char                             0x080008ab   Thumb Code    16  _printf_char.o(.text)
    _printf_string                           0x080008bb   Thumb Code     8  _printf_char.o(.text)
    _chval                                   0x080008c3   Thumb Code    28  _chval.o(.text)
    __vfscanf_char                           0x080008ed   Thumb Code    24  scanf_char.o(.text)
    _sgetc                                   0x0800090d   Thumb Code    30  _sgetc.o(.text)
    _sbackspace                              0x0800092b   Thumb Code    34  _sgetc.o(.text)
    __aeabi_memcpy4                          0x0800094d   Thumb Code     0  rt_memcpy_w.o(.text)
    __aeabi_memcpy8                          0x0800094d   Thumb Code     0  rt_memcpy_w.o(.text)
    __rt_memcpy_w                            0x0800094d   Thumb Code   100  rt_memcpy_w.o(.text)
    _memcpy_lastbytes_aligned                0x08000995   Thumb Code     0  rt_memcpy_w.o(.text)
    __user_libspace                          0x080009b1   Thumb Code     8  libspace.o(.text)
    __user_perproc_libspace                  0x080009b1   Thumb Code     0  libspace.o(.text)
    __user_perthread_libspace                0x080009b1   Thumb Code     0  libspace.o(.text)
    __Heap_ProvideMemory                     0x080009b9   Thumb Code    52  h1_extend.o(.text)
    isspace                                  0x080009ed   Thumb Code    18  isspace.o(.text)
    __vfscanf                                0x08000a01   Thumb Code   880  _scanf.o(.text)
    __rt_SIGRTMEM                            0x08000d75   Thumb Code    14  defsig_rtmem_outer.o(.text)
    __I$use$semihosting                      0x08000d83   Thumb Code     0  use_no_semi.o(.text)
    __use_no_semihosting_swi                 0x08000d83   Thumb Code     2  use_no_semi.o(.text)
    __semihosting_library_function           0x08000d85   Thumb Code     0  indicate_semi.o(.text)
    __user_setup_stackheap                   0x08000d85   Thumb Code    74  sys_stackheap_outer.o(.text)
    __rt_ctype_table                         0x08000dd1   Thumb Code    16  rt_ctype_table.o(.text)
    exit                                     0x08000de1   Thumb Code    18  exit.o(.text)
    __sig_exit                               0x08000df3   Thumb Code    10  defsig_exit.o(.text)
    __rt_SIGRTMEM_inner                      0x08000dfd   Thumb Code    22  defsig_rtmem_inner.o(.text)
    _sys_exit                                0x08000e4d   Thumb Code     8  sys_exit.o(.text)
    __rt_locale                              0x08000e59   Thumb Code     8  rt_locale_intlibspace.o(.text)
    __default_signal_display                 0x08000e61   Thumb Code    50  defsig_general.o(.text)
    _ttywrch                                 0x08000e93   Thumb Code    14  sys_wrch.o(.text)
    strcmp                                   0x08000ea1   Thumb Code   128  strcmpv7m.o(.text)
    BusFault_Handler                         0x08000f21   Thumb Code     2  stm32f1xx_it.o(i.BusFault_Handler)
    DebugMon_Handler                         0x08000f23   Thumb Code     2  stm32f1xx_it.o(i.DebugMon_Handler)
    HAL_GPIO_Init                            0x08000f25   Thumb Code   446  stm32f1xx_hal_gpio.o(i.HAL_GPIO_Init)
    HAL_GetTick                              0x08001105   Thumb Code     6  stm32f1xx_hal.o(i.HAL_GetTick)
    HAL_IncTick                              0x08001111   Thumb Code    12  stm32f1xx_hal.o(i.HAL_IncTick)
    HAL_Init                                 0x08001121   Thumb Code    32  stm32f1xx_hal.o(i.HAL_Init)
    HAL_InitTick                             0x08001145   Thumb Code    54  stm32f1xx_hal.o(i.HAL_InitTick)
    HAL_MspInit                              0x08001185   Thumb Code    52  stm32f1xx_hal_msp.o(i.HAL_MspInit)
    HAL_NVIC_SetPriority                     0x080011c1   Thumb Code    60  stm32f1xx_hal_cortex.o(i.HAL_NVIC_SetPriority)
    HAL_NVIC_SetPriorityGrouping             0x08001201   Thumb Code    26  stm32f1xx_hal_cortex.o(i.HAL_NVIC_SetPriorityGrouping)
    HAL_RCC_ClockConfig                      0x08001225   Thumb Code   280  stm32f1xx_hal_rcc.o(i.HAL_RCC_ClockConfig)
    HAL_RCC_GetPCLK1Freq                     0x08001351   Thumb Code    20  stm32f1xx_hal_rcc.o(i.HAL_RCC_GetPCLK1Freq)
    HAL_RCC_GetPCLK2Freq                     0x08001371   Thumb Code    20  stm32f1xx_hal_rcc.o(i.HAL_RCC_GetPCLK2Freq)
    HAL_RCC_GetSysClockFreq                  0x08001391   Thumb Code    58  stm32f1xx_hal_rcc.o(i.HAL_RCC_GetSysClockFreq)
    HAL_RCC_OscConfig                        0x080013dd   Thumb Code   778  stm32f1xx_hal_rcc.o(i.HAL_RCC_OscConfig)
    HAL_SYSTICK_Config                       0x080016fd   Thumb Code    40  stm32f1xx_hal_cortex.o(i.HAL_SYSTICK_Config)
    HAL_UART_Init                            0x08001725   Thumb Code   100  stm32f1xx_hal_uart.o(i.HAL_UART_Init)
    HAL_UART_MspInit                         0x08001789   Thumb Code   100  stm32f1xx_hal_msp.o(i.HAL_UART_MspInit)
    HAL_UART_Receive_IT                      0x080017f9   Thumb Code    28  stm32f1xx_hal_uart.o(i.HAL_UART_Receive_IT)
    HAL_UART_Transmit                        0x08001815   Thumb Code   160  stm32f1xx_hal_uart.o(i.HAL_UART_Transmit)
    HardFault_Handler                        0x080018b5   Thumb Code     2  stm32f1xx_it.o(i.HardFault_Handler)
    LWIP_HttpGetTest                         0x080018b9   Thumb Code   166  lwip_app.o(i.LWIP_HttpGetTest)
    LWIP_PingTest                            0x08001995   Thumb Code   108  lwip_app.o(i.LWIP_PingTest)
    MemManage_Handler                        0x08001a05   Thumb Code     2  stm32f1xx_it.o(i.MemManage_Handler)
    NMI_Handler                              0x08001a07   Thumb Code     2  stm32f1xx_it.o(i.NMI_Handler)
    PPPOS_Init                               0x08001a35   Thumb Code    60  pppos_lwip.o(i.PPPOS_Init)
    PPPOS_IsLinkUp                           0x08001a99   Thumb Code     6  pppos_lwip.o(i.PPPOS_IsLinkUp)
    PPPOS_Process                            0x08001aa5   Thumb Code     2  pppos_lwip.o(i.PPPOS_Process)
    PendSV_Handler                           0x08001ac1   Thumb Code     2  stm32f1xx_it.o(i.PendSV_Handler)
    SVC_Handler                              0x08001ac3   Thumb Code     2  stm32f1xx_it.o(i.SVC_Handler)
    SysTick_Handler                          0x08001ac5   Thumb Code     4  stm32f1xx_it.o(i.SysTick_Handler)
    SystemClock_Config                       0x08001ac9   Thumb Code    80  main.o(i.SystemClock_Config)
    SystemInit                               0x08001b19   Thumb Code     2  system_stm32f1xx.o(i.SystemInit)
    UART_Start_Receive_IT                    0x08001c21   Thumb Code    54  stm32f1xx_hal_uart.o(i.UART_Start_Receive_IT)
    UsageFault_Handler                       0x08001cc9   Thumb Code     2  stm32f1xx_it.o(i.UsageFault_Handler)
    closesocket                              0x08001ceb   Thumb Code     4  lwip_api.o(i.closesocket)
    connect                                  0x08001cef   Thumb Code     6  lwip_api.o(i.connect)
    gethostbyname                            0x08001cf5   Thumb Code     4  lwip_api.o(i.gethostbyname)
    inet_chksum                              0x08001cf9   Thumb Code    40  lwip_core.o(i.inet_chksum)
    ipaddr_aton                              0x08001d21   Thumb Code    66  lwip_core.o(i.ipaddr_aton)
    ipaddr_ntoa                              0x08001d71   Thumb Code    34  lwip_core.o(i.ipaddr_ntoa)
    main                                     0x08001da5   Thumb Code   112  main.o(i.main)
    pbuf_alloc                               0x08001e41   Thumb Code    52  lwip_netif.o(i.pbuf_alloc)
    pbuf_free                                0x08001e75   Thumb Code    24  lwip_netif.o(i.pbuf_free)
    ppp_set_usepeerdns                       0x08001e97   Thumb Code     2  lwip_ppp.o(i.ppp_set_usepeerdns)
    pppapi_connect                           0x080020b1   Thumb Code     2  lwip_ppp.o(i.pppapi_connect)
    pppapi_pppos_create                      0x080020b3   Thumb Code    18  lwip_ppp.o(i.pppapi_pppos_create)
    pppapi_set_default                       0x080020c5   Thumb Code     2  lwip_ppp.o(i.pppapi_set_default)
    raw_bind                                 0x080020ed   Thumb Code     8  lwip_netif.o(i.raw_bind)
    raw_new                                  0x080020f5   Thumb Code    26  lwip_netif.o(i.raw_new)
    raw_recv                                 0x0800210f   Thumb Code    10  lwip_netif.o(i.raw_recv)
    raw_remove                               0x08002119   Thumb Code     4  lwip_netif.o(i.raw_remove)
    raw_sendto                               0x0800211d   Thumb Code     4  lwip_netif.o(i.raw_sendto)
    recv                                     0x08002121   Thumb Code     6  lwip_api.o(i.recv)
    send                                     0x08002127   Thumb Code     6  lwip_api.o(i.send)
    socket                                   0x0800212d   Thumb Code     6  lwip_api.o(i.socket)
    _get_lc_ctype                            0x08002135   Thumb Code    44  lc_ctype_c.o(locale$$code)
    AHBPrescTable                            0x08002172   Data          16  system_stm32f1xx.o(.constdata)
    APBPrescTable                            0x08002182   Data           8  system_stm32f1xx.o(.constdata)
    Region$$Table$$Base                      0x0800218c   Number         0  anon$$obj.o(Region$$Table)
    Region$$Table$$Limit                     0x080021ac   Number         0  anon$$obj.o(Region$$Table)
    __ctype                                  0x080021b9   Data           0  lc_ctype_c.o(locale$$data)
    uwTickFreq                               0x20000010   Data           1  stm32f1xx_hal.o(.data)
    uwTickPrio                               0x20000014   Data           4  stm32f1xx_hal.o(.data)
    uwTick                                   0x20000018   Data           4  stm32f1xx_hal.o(.data)
    SystemCoreClock                          0x2000001c   Data           4  system_stm32f1xx.o(.data)
    huart1                                   0x20000020   Data          72  main.o(.bss)
    __libspace_start                         0x20000084   Data          96  libspace.o(.bss)
    __temporary_stack_top$libspace           0x200000e4   Data           0  libspace.o(.bss)



==============================================================================

Memory Map of the image

  Image Entry point : 0x080000ed

  Load Region LR_IROM1 (Base: 0x08000000, Size: 0x000022dc, Max: 0x00010000, ABSOLUTE)

    Execution Region ER_IROM1 (Exec base: 0x08000000, Load base: 0x08000000, Size: 0x000022bc, Max: 0x00010000, ABSOLUTE)

    Exec Addr    Load Addr    Size         Type   Attr      Idx    E Section Name        Object

    0x08000000   0x08000000   0x000000ec   Data   RO            3    RESET               startup_stm32f103xb.o
    0x080000ec   0x080000ec   0x00000008   Code   RO         2120  * !!!main             c_w.l(__main.o)
    0x080000f4   0x080000f4   0x00000034   Code   RO         2360    !!!scatter          c_w.l(__scatter.o)
    0x08000128   0x08000128   0x0000001a   Code   RO         2362    !!handler_copy      c_w.l(__scatter_copy.o)
    0x08000142   0x08000142   0x00000002   PAD
    0x08000144   0x08000144   0x0000001c   Code   RO         2364    !!handler_zi        c_w.l(__scatter_zi.o)
    0x08000160   0x08000160   0x00000000   Code   RO         2105    .ARM.Collect$$_printf_percent$$00000000  c_w.l(_printf_percent.o)
    0x08000160   0x08000160   0x00000006   Code   RO         2103    .ARM.Collect$$_printf_percent$$00000009  c_w.l(_printf_d.o)
    0x08000166   0x08000166   0x00000006   Code   RO         2104    .ARM.Collect$$_printf_percent$$0000000A  c_w.l(_printf_u.o)
    0x0800016c   0x0800016c   0x00000006   Code   RO         2102    .ARM.Collect$$_printf_percent$$00000014  c_w.l(_printf_s.o)
    0x08000172   0x08000172   0x00000004   Code   RO         2160    .ARM.Collect$$_printf_percent$$00000017  c_w.l(_printf_percent_end.o)
    0x08000176   0x08000176   0x00000002   Code   RO         2287    .ARM.Collect$$libinit$$00000000  c_w.l(libinit.o)
    0x08000178   0x08000178   0x00000000   Code   RO         2172    .ARM.Collect$$libinit$$00000002  c_w.l(libinit2.o)
    0x08000178   0x08000178   0x00000000   Code   RO         2174    .ARM.Collect$$libinit$$00000004  c_w.l(libinit2.o)
    0x08000178   0x08000178   0x00000008   Code   RO         2175    .ARM.Collect$$libinit$$00000005  c_w.l(libinit2.o)
    0x08000180   0x08000180   0x00000000   Code   RO         2177    .ARM.Collect$$libinit$$0000000A  c_w.l(libinit2.o)
    0x08000180   0x08000180   0x00000000   Code   RO         2179    .ARM.Collect$$libinit$$0000000C  c_w.l(libinit2.o)
    0x08000180   0x08000180   0x00000000   Code   RO         2181    .ARM.Collect$$libinit$$0000000E  c_w.l(libinit2.o)
    0x08000180   0x08000180   0x00000006   Code   RO         2182    .ARM.Collect$$libinit$$0000000F  c_w.l(libinit2.o)
    0x08000186   0x08000186   0x00000000   Code   RO         2184    .ARM.Collect$$libinit$$00000011  c_w.l(libinit2.o)
    0x08000186   0x08000186   0x0000000c   Code   RO         2185    .ARM.Collect$$libinit$$00000012  c_w.l(libinit2.o)
    0x08000192   0x08000192   0x00000000   Code   RO         2186    .ARM.Collect$$libinit$$00000013  c_w.l(libinit2.o)
    0x08000192   0x08000192   0x00000000   Code   RO         2188    .ARM.Collect$$libinit$$00000015  c_w.l(libinit2.o)
    0x08000192   0x08000192   0x00000000   Code   RO         2190    .ARM.Collect$$libinit$$00000017  c_w.l(libinit2.o)
    0x08000192   0x08000192   0x00000000   Code   RO         2192    .ARM.Collect$$libinit$$00000019  c_w.l(libinit2.o)
    0x08000192   0x08000192   0x00000000   Code   RO         2194    .ARM.Collect$$libinit$$0000001B  c_w.l(libinit2.o)
    0x08000192   0x08000192   0x00000000   Code   RO         2196    .ARM.Collect$$libinit$$0000001D  c_w.l(libinit2.o)
    0x08000192   0x08000192   0x00000000   Code   RO         2198    .ARM.Collect$$libinit$$0000001F  c_w.l(libinit2.o)
    0x08000192   0x08000192   0x00000000   Code   RO         2200    .ARM.Collect$$libinit$$00000021  c_w.l(libinit2.o)
    0x08000192   0x08000192   0x00000000   Code   RO         2202    .ARM.Collect$$libinit$$00000023  c_w.l(libinit2.o)
    0x08000192   0x08000192   0x00000000   Code   RO         2204    .ARM.Collect$$libinit$$00000025  c_w.l(libinit2.o)
    0x08000192   0x08000192   0x00000000   Code   RO         2208    .ARM.Collect$$libinit$$0000002C  c_w.l(libinit2.o)
    0x08000192   0x08000192   0x00000000   Code   RO         2210    .ARM.Collect$$libinit$$0000002E  c_w.l(libinit2.o)
    0x08000192   0x08000192   0x00000000   Code   RO         2212    .ARM.Collect$$libinit$$00000030  c_w.l(libinit2.o)
    0x08000192   0x08000192   0x00000000   Code   RO         2214    .ARM.Collect$$libinit$$00000032  c_w.l(libinit2.o)
    0x08000192   0x08000192   0x00000002   Code   RO         2215    .ARM.Collect$$libinit$$00000033  c_w.l(libinit2.o)
    0x08000194   0x08000194   0x00000002   Code   RO         2357    .ARM.Collect$$libshutdown$$00000000  c_w.l(libshutdown.o)
    0x08000196   0x08000196   0x00000000   Code   RO         2309    .ARM.Collect$$libshutdown$$00000002  c_w.l(libshutdown2.o)
    0x08000196   0x08000196   0x00000000   Code   RO         2311    .ARM.Collect$$libshutdown$$00000004  c_w.l(libshutdown2.o)
    0x08000196   0x08000196   0x00000000   Code   RO         2313    .ARM.Collect$$libshutdown$$00000006  c_w.l(libshutdown2.o)
    0x08000196   0x08000196   0x00000000   Code   RO         2316    .ARM.Collect$$libshutdown$$00000009  c_w.l(libshutdown2.o)
    0x08000196   0x08000196   0x00000000   Code   RO         2319    .ARM.Collect$$libshutdown$$0000000C  c_w.l(libshutdown2.o)
    0x08000196   0x08000196   0x00000000   Code   RO         2321    .ARM.Collect$$libshutdown$$0000000E  c_w.l(libshutdown2.o)
    0x08000196   0x08000196   0x00000000   Code   RO         2324    .ARM.Collect$$libshutdown$$00000011  c_w.l(libshutdown2.o)
    0x08000196   0x08000196   0x00000002   Code   RO         2325    .ARM.Collect$$libshutdown$$00000012  c_w.l(libshutdown2.o)
    0x08000198   0x08000198   0x00000000   Code   RO         2124    .ARM.Collect$$rtentry$$00000000  c_w.l(__rtentry.o)
    0x08000198   0x08000198   0x00000000   Code   RO         2222    .ARM.Collect$$rtentry$$00000002  c_w.l(__rtentry2.o)
    0x08000198   0x08000198   0x00000006   Code   RO         2234    .ARM.Collect$$rtentry$$00000004  c_w.l(__rtentry4.o)
    0x0800019e   0x0800019e   0x00000000   Code   RO         2224    .ARM.Collect$$rtentry$$00000009  c_w.l(__rtentry2.o)
    0x0800019e   0x0800019e   0x00000004   Code   RO         2225    .ARM.Collect$$rtentry$$0000000A  c_w.l(__rtentry2.o)
    0x080001a2   0x080001a2   0x00000000   Code   RO         2227    .ARM.Collect$$rtentry$$0000000C  c_w.l(__rtentry2.o)
    0x080001a2   0x080001a2   0x00000008   Code   RO         2228    .ARM.Collect$$rtentry$$0000000D  c_w.l(__rtentry2.o)
    0x080001aa   0x080001aa   0x00000002   Code   RO         2290    .ARM.Collect$$rtexit$$00000000  c_w.l(rtexit.o)
    0x080001ac   0x080001ac   0x00000000   Code   RO         2329    .ARM.Collect$$rtexit$$00000002  c_w.l(rtexit2.o)
    0x080001ac   0x080001ac   0x00000004   Code   RO         2330    .ARM.Collect$$rtexit$$00000003  c_w.l(rtexit2.o)
    0x080001b0   0x080001b0   0x00000006   Code   RO         2331    .ARM.Collect$$rtexit$$00000004  c_w.l(rtexit2.o)
    0x080001b6   0x080001b6   0x00000002   PAD
    0x080001b8   0x080001b8   0x00000000   Code   RO         2238    .emb_text           c_w.l(maybetermalloc1.o)
    0x080001b8   0x080001b8   0x00000040   Code   RO            4    .text               startup_stm32f103xb.o
    0x080001f8   0x080001f8   0x0000005e   Code   RO         2012    .text               c_w.l(h1_alloc.o)
    0x08000256   0x08000256   0x0000004e   Code   RO         2014    .text               c_w.l(h1_free.o)
    0x080002a4   0x080002a4   0x00000034   Code   RO         2074    .text               c_w.l(noretval__2snprintf.o)
    0x080002d8   0x080002d8   0x00000068   Code   RO         2076    .text               c_w.l(__printf.o)
    0x08000340   0x08000340   0x00000052   Code   RO         2078    .text               c_w.l(_printf_str.o)
    0x08000392   0x08000392   0x00000002   PAD
    0x08000394   0x08000394   0x00000078   Code   RO         2080    .text               c_w.l(_printf_dec.o)
    0x0800040c   0x0800040c   0x0000003c   Code   RO         2106    .text               c_w.l(__0sscanf.o)
    0x08000448   0x08000448   0x0000014c   Code   RO         2108    .text               c_w.l(_scanf_int.o)
    0x08000594   0x08000594   0x0000003e   Code   RO         2110    .text               c_w.l(strlen.o)
    0x080005d2   0x080005d2   0x0000008a   Code   RO         2112    .text               c_w.l(rt_memcpy_v6.o)
    0x0800065c   0x0800065c   0x00000044   Code   RO         2114    .text               c_w.l(rt_memclr.o)
    0x080006a0   0x080006a0   0x0000004e   Code   RO         2116    .text               c_w.l(rt_memclr_w.o)
    0x080006ee   0x080006ee   0x00000006   Code   RO         2118    .text               c_w.l(heapauxi.o)
    0x080006f4   0x080006f4   0x00000008   Code   RO         2128    .text               c_w.l(rt_heap_descriptor_intlibspace.o)
    0x080006fc   0x080006fc   0x00000004   Code   RO         2130    .text               c_w.l(hguard.o)
    0x08000700   0x08000700   0x0000008a   Code   RO         2132    .text               c_w.l(init_alloc.o)
    0x0800078a   0x0800078a   0x0000000e   Code   RO         2136    .text               c_w.l(h1_init.o)
    0x08000798   0x08000798   0x000000b2   Code   RO         2150    .text               c_w.l(_printf_intcommon.o)
    0x0800084a   0x0800084a   0x00000002   PAD
    0x0800084c   0x0800084c   0x00000030   Code   RO         2152    .text               c_w.l(_printf_char_common.o)
    0x0800087c   0x0800087c   0x0000000a   Code   RO         2154    .text               c_w.l(_sputc.o)
    0x08000886   0x08000886   0x00000010   Code   RO         2156    .text               c_w.l(_snputc.o)
    0x08000896   0x08000896   0x0000002c   Code   RO         2158    .text               c_w.l(_printf_char.o)
    0x080008c2   0x080008c2   0x0000001c   Code   RO         2161    .text               c_w.l(_chval.o)
    0x080008de   0x080008de   0x00000002   PAD
    0x080008e0   0x080008e0   0x0000002c   Code   RO         2163    .text               c_w.l(scanf_char.o)
    0x0800090c   0x0800090c   0x00000040   Code   RO         2165    .text               c_w.l(_sgetc.o)
    0x0800094c   0x0800094c   0x00000064   Code   RO         2167    .text               c_w.l(rt_memcpy_w.o)
    0x080009b0   0x080009b0   0x00000008   Code   RO         2218    .text               c_w.l(libspace.o)
    0x080009b8   0x080009b8   0x00000034   Code   RO         2240    .text               c_w.l(h1_extend.o)
    0x080009ec   0x080009ec   0x00000012   Code   RO         2244    .text               c_w.l(isspace.o)
    0x080009fe   0x080009fe   0x00000002   PAD
    0x08000a00   0x08000a00   0x00000374   Code   RO         2248    .text               c_w.l(_scanf.o)
    0x08000d74   0x08000d74   0x0000000e   Code   RO         2250    .text               c_w.l(defsig_rtmem_outer.o)
    0x08000d82   0x08000d82   0x00000002   Code   RO         2261    .text               c_w.l(use_no_semi.o)
    0x08000d84   0x08000d84   0x00000000   Code   RO         2263    .text               c_w.l(indicate_semi.o)
    0x08000d84   0x08000d84   0x0000004a   Code   RO         2264    .text               c_w.l(sys_stackheap_outer.o)
    0x08000dce   0x08000dce   0x00000002   PAD
    0x08000dd0   0x08000dd0   0x00000010   Code   RO         2266    .text               c_w.l(rt_ctype_table.o)
    0x08000de0   0x08000de0   0x00000012   Code   RO         2272    .text               c_w.l(exit.o)
    0x08000df2   0x08000df2   0x0000000a   Code   RO         2274    .text               c_w.l(defsig_exit.o)
    0x08000dfc   0x08000dfc   0x00000050   Code   RO         2276    .text               c_w.l(defsig_rtmem_inner.o)
    0x08000e4c   0x08000e4c   0x0000000c   Code   RO         2288    .text               c_w.l(sys_exit.o)
    0x08000e58   0x08000e58   0x00000008   Code   RO         2295    .text               c_w.l(rt_locale_intlibspace.o)
    0x08000e60   0x08000e60   0x00000032   Code   RO         2306    .text               c_w.l(defsig_general.o)
    0x08000e92   0x08000e92   0x0000000e   Code   RO         2326    .text               c_w.l(sys_wrch.o)
    0x08000ea0   0x08000ea0   0x00000080   Code   RO         2337    .text               c_w.l(strcmpv7m.o)
    0x08000f20   0x08000f20   0x00000002   Code   RO          308    i.BusFault_Handler  stm32f1xx_it.o
    0x08000f22   0x08000f22   0x00000002   Code   RO          309    i.DebugMon_Handler  stm32f1xx_it.o
    0x08000f24   0x08000f24   0x000001e0   Code   RO         1311    i.HAL_GPIO_Init     stm32f1xx_hal_gpio.o
    0x08001104   0x08001104   0x0000000c   Code   RO         1005    i.HAL_GetTick       stm32f1xx_hal.o
    0x08001110   0x08001110   0x00000010   Code   RO         1011    i.HAL_IncTick       stm32f1xx_hal.o
    0x08001120   0x08001120   0x00000024   Code   RO         1012    i.HAL_Init          stm32f1xx_hal.o
    0x08001144   0x08001144   0x00000040   Code   RO         1013    i.HAL_InitTick      stm32f1xx_hal.o
    0x08001184   0x08001184   0x0000003c   Code   RO          383    i.HAL_MspInit       stm32f1xx_hal_msp.o
    0x080011c0   0x080011c0   0x00000040   Code   RO         1477    i.HAL_NVIC_SetPriority  stm32f1xx_hal_cortex.o
    0x08001200   0x08001200   0x00000024   Code   RO         1478    i.HAL_NVIC_SetPriorityGrouping  stm32f1xx_hal_cortex.o
    0x08001224   0x08001224   0x0000012c   Code   RO         1169    i.HAL_RCC_ClockConfig  stm32f1xx_hal_rcc.o
    0x08001350   0x08001350   0x00000020   Code   RO         1176    i.HAL_RCC_GetPCLK1Freq  stm32f1xx_hal_rcc.o
    0x08001370   0x08001370   0x00000020   Code   RO         1177    i.HAL_RCC_GetPCLK2Freq  stm32f1xx_hal_rcc.o
    0x08001390   0x08001390   0x0000004c   Code   RO         1178    i.HAL_RCC_GetSysClockFreq  stm32f1xx_hal_rcc.o
    0x080013dc   0x080013dc   0x00000320   Code   RO         1181    i.HAL_RCC_OscConfig  stm32f1xx_hal_rcc.o
    0x080016fc   0x080016fc   0x00000028   Code   RO         1482    i.HAL_SYSTICK_Config  stm32f1xx_hal_cortex.o
    0x08001724   0x08001724   0x00000064   Code   RO          661    i.HAL_UART_Init     stm32f1xx_hal_uart.o
    0x08001788   0x08001788   0x00000070   Code   RO          385    i.HAL_UART_MspInit  stm32f1xx_hal_msp.o
    0x080017f8   0x080017f8   0x0000001c   Code   RO          666    i.HAL_UART_Receive_IT  stm32f1xx_hal_uart.o
    0x08001814   0x08001814   0x000000a0   Code   RO          669    i.HAL_UART_Transmit  stm32f1xx_hal_uart.o
    0x080018b4   0x080018b4   0x00000002   Code   RO          310    i.HardFault_Handler  stm32f1xx_it.o
    0x080018b6   0x080018b6   0x00000002   PAD
    0x080018b8   0x080018b8   0x000000dc   Code   RO          246    i.LWIP_HttpGetTest  lwip_app.o
    0x08001994   0x08001994   0x00000070   Code   RO          247    i.LWIP_PingTest     lwip_app.o
    0x08001a04   0x08001a04   0x00000002   Code   RO          311    i.MemManage_Handler  stm32f1xx_it.o
    0x08001a06   0x08001a06   0x00000002   Code   RO          312    i.NMI_Handler       stm32f1xx_it.o
    0x08001a08   0x08001a08   0x0000002c   Code   RO          175    i.PPPOS_DebugPrint  pppos_lwip.o
    0x08001a34   0x08001a34   0x00000064   Code   RO          176    i.PPPOS_Init        pppos_lwip.o
    0x08001a98   0x08001a98   0x0000000c   Code   RO          177    i.PPPOS_IsLinkUp    pppos_lwip.o
    0x08001aa4   0x08001aa4   0x00000002   Code   RO          178    i.PPPOS_Process     pppos_lwip.o
    0x08001aa6   0x08001aa6   0x00000002   PAD
    0x08001aa8   0x08001aa8   0x00000018   Code   RO          179    i.PPPOS_UART_RxStart  pppos_lwip.o
    0x08001ac0   0x08001ac0   0x00000002   Code   RO          313    i.PendSV_Handler    stm32f1xx_it.o
    0x08001ac2   0x08001ac2   0x00000002   Code   RO          314    i.SVC_Handler       stm32f1xx_it.o
    0x08001ac4   0x08001ac4   0x00000004   Code   RO          315    i.SysTick_Handler   stm32f1xx_it.o
    0x08001ac8   0x08001ac8   0x00000050   Code   RO           14    i.SystemClock_Config  main.o
    0x08001b18   0x08001b18   0x00000002   Code   RO         1972    i.SystemInit        system_stm32f1xx.o
    0x08001b1a   0x08001b1a   0x0000004e   Code   RO          684    i.UART_EndRxTransfer  stm32f1xx_hal_uart.o
    0x08001b68   0x08001b68   0x000000b8   Code   RO          687    i.UART_SetConfig    stm32f1xx_hal_uart.o
    0x08001c20   0x08001c20   0x00000036   Code   RO          689    i.UART_Start_Receive_IT  stm32f1xx_hal_uart.o
    0x08001c56   0x08001c56   0x00000072   Code   RO          690    i.UART_WaitOnFlagUntilTimeout  stm32f1xx_hal_uart.o
    0x08001cc8   0x08001cc8   0x00000002   Code   RO          316    i.UsageFault_Handler  stm32f1xx_it.o
    0x08001cca   0x08001cca   0x00000020   Code   RO         1484    i.__NVIC_SetPriority  stm32f1xx_hal_cortex.o
    0x08001cea   0x08001cea   0x00000004   Code   RO          451    i.closesocket       lwip_api.o
    0x08001cee   0x08001cee   0x00000006   Code   RO          452    i.connect           lwip_api.o
    0x08001cf4   0x08001cf4   0x00000004   Code   RO          453    i.gethostbyname     lwip_api.o
    0x08001cf8   0x08001cf8   0x00000028   Code   RO          416    i.inet_chksum       lwip_core.o
    0x08001d20   0x08001d20   0x00000050   Code   RO          417    i.ipaddr_aton       lwip_core.o
    0x08001d70   0x08001d70   0x00000034   Code   RO          418    i.ipaddr_ntoa       lwip_core.o
    0x08001da4   0x08001da4   0x0000009c   Code   RO           15    i.main              main.o
    0x08001e40   0x08001e40   0x00000034   Code   RO          496    i.pbuf_alloc        lwip_netif.o
    0x08001e74   0x08001e74   0x00000018   Code   RO          497    i.pbuf_free         lwip_netif.o
    0x08001e8c   0x08001e8c   0x0000000a   Code   RO          248    i.ping_recv         lwip_app.o
    0x08001e96   0x08001e96   0x00000002   Code   RO          547    i.ppp_set_usepeerdns  lwip_ppp.o
    0x08001e98   0x08001e98   0x00000218   Code   RO          180    i.ppp_status_cb     pppos_lwip.o
    0x080020b0   0x080020b0   0x00000002   Code   RO          548    i.pppapi_connect    lwip_ppp.o
    0x080020b2   0x080020b2   0x00000012   Code   RO          549    i.pppapi_pppos_create  lwip_ppp.o
    0x080020c4   0x080020c4   0x00000002   Code   RO          550    i.pppapi_set_default  lwip_ppp.o
    0x080020c6   0x080020c6   0x00000002   PAD
    0x080020c8   0x080020c8   0x00000024   Code   RO          181    i.pppos_output_cb   pppos_lwip.o
    0x080020ec   0x080020ec   0x00000008   Code   RO          498    i.raw_bind          lwip_netif.o
    0x080020f4   0x080020f4   0x0000001a   Code   RO          499    i.raw_new           lwip_netif.o
    0x0800210e   0x0800210e   0x0000000a   Code   RO          500    i.raw_recv          lwip_netif.o
    0x08002118   0x08002118   0x00000004   Code   RO          501    i.raw_remove        lwip_netif.o
    0x0800211c   0x0800211c   0x00000004   Code   RO          502    i.raw_sendto        lwip_netif.o
    0x08002120   0x08002120   0x00000006   Code   RO          454    i.recv              lwip_api.o
    0x08002126   0x08002126   0x00000006   Code   RO          455    i.send              lwip_api.o
    0x0800212c   0x0800212c   0x00000006   Code   RO          456    i.socket            lwip_api.o
    0x08002132   0x08002132   0x00000002   PAD
    0x08002134   0x08002134   0x0000002c   Code   RO         2302    locale$$code        c_w.l(lc_ctype_c.o)
    0x08002160   0x08002160   0x00000012   Data   RO         1182    .constdata          stm32f1xx_hal_rcc.o
    0x08002172   0x08002172   0x00000010   Data   RO         1973    .constdata          system_stm32f1xx.o
    0x08002182   0x08002182   0x00000008   Data   RO         1974    .constdata          system_stm32f1xx.o
    0x0800218a   0x0800218a   0x00000002   PAD
    0x0800218c   0x0800218c   0x00000020   Data   RO         2358    Region$$Table       anon$$obj.o
    0x080021ac   0x080021ac   0x00000110   Data   RO         2301    locale$$data        c_w.l(lc_ctype_c.o)


    Execution Region RW_IRAM1 (Exec base: 0x20000000, Load base: 0x080022bc, Size: 0x000006e8, Max: 0x00005000, ABSOLUTE)

    Exec Addr    Load Addr    Size         Type   Attr      Idx    E Section Name        Object

    0x20000000   0x080022bc   0x00000001   Data   RW           17    .data               main.o
    0x20000001   0x080022bd   0x00000003   PAD
    0x20000004   0x080022c0   0x0000000c   Data   RW          183    .data               pppos_lwip.o
    0x20000010   0x080022cc   0x0000000c   Data   RW         1019    .data               stm32f1xx_hal.o
    0x2000001c   0x080022d8   0x00000004   Data   RW         1975    .data               system_stm32f1xx.o
    0x20000020        -       0x00000048   Zero   RW           16    .bss                main.o
    0x20000068        -       0x0000000c   Zero   RW          182    .bss                pppos_lwip.o
    0x20000074        -       0x00000010   Zero   RW          419    .bss                lwip_core.o
    0x20000084        -       0x00000060   Zero   RW         2219    .bss                c_w.l(libspace.o)
    0x200000e4   0x080022dc   0x00000004   PAD
    0x200000e8        -       0x00000200   Zero   RW            2    HEAP                startup_stm32f103xb.o
    0x200002e8        -       0x00000400   Zero   RW            1    STACK               startup_stm32f103xb.o


==============================================================================

Image component sizes


      Code (inc. data)   RO Data    RW Data    ZI Data      Debug   Object Name

        32          0          0          0          0       3191   lwip_api.o
       342         58          0          0          0       4887   lwip_app.o
       172         32          0          0         16       4082   lwip_core.o
       128          0          0          0          0       4235   lwip_netif.o
        24          0          0          0          0       3445   lwip_ppp.o
       236         44          0          1         72     397617   main.o
       754        426          0         12         12       4298   pppos_lwip.o
        64         26        236          0       1536        792   startup_stm32f103xb.o
       128         24          0         12          0       5173   stm32f1xx_hal.o
       172         14          0          0          0      28198   stm32f1xx_hal_cortex.o
       480         34          0          0          0       2228   stm32f1xx_hal_gpio.o
       172         20          0          0          0       1513   stm32f1xx_hal_msp.o
      1240         84         18          0          0       5016   stm32f1xx_hal_rcc.o
       718          6          0          0          0       5878   stm32f1xx_hal_uart.o
        20          0          0          0          0       3722   stm32f1xx_it.o
         2          0         24          4          0       1067   system_stm32f1xx.o

    ----------------------------------------------------------------------
      4692        768        312         32       1636     475342   Object Totals
         0          0         32          0          0          0   (incl. Generated)
         8          0          2          3          0          0   (incl. Padding)

    ----------------------------------------------------------------------

      Code (inc. data)   RO Data    RW Data    ZI Data      Debug   Library Member Name

        60          8          0          0          0         84   __0sscanf.o
         8          0          0          0          0         68   __main.o
       104          0          0          0          0         84   __printf.o
         0          0          0          0          0          0   __rtentry.o
        12          0          0          0          0          0   __rtentry2.o
         6          0          0          0          0          0   __rtentry4.o
        52          8          0          0          0          0   __scatter.o
        26          0          0          0          0          0   __scatter_copy.o
        28          0          0          0          0          0   __scatter_zi.o
        28          0          0          0          0         68   _chval.o
        44          0          0          0          0        108   _printf_char.o
        48          6          0          0          0         96   _printf_char_common.o
         6          0          0          0          0          0   _printf_d.o
       120         16          0          0          0         92   _printf_dec.o
       178          0          0          0          0         88   _printf_intcommon.o
         0          0          0          0          0          0   _printf_percent.o
         4          0          0          0          0          0   _printf_percent_end.o
         6          0          0          0          0          0   _printf_s.o
        82          0          0          0          0         80   _printf_str.o
         6          0          0          0          0          0   _printf_u.o
       884          4          0          0          0        100   _scanf.o
       332          0          0          0          0         96   _scanf_int.o
        64          0          0          0          0         84   _sgetc.o
        16          0          0          0          0         68   _snputc.o
        10          0          0          0          0         68   _sputc.o
        10          0          0          0          0         68   defsig_exit.o
        50          0          0          0          0         88   defsig_general.o
        80         58          0          0          0         76   defsig_rtmem_inner.o
        14          0          0          0          0         80   defsig_rtmem_outer.o
        18          0          0          0          0         80   exit.o
        94          0          0          0          0         80   h1_alloc.o
        52          0          0          0          0         68   h1_extend.o
        78          0          0          0          0         80   h1_free.o
        14          0          0          0          0         84   h1_init.o
         6          0          0          0          0        152   heapauxi.o
         4          0          0          0          0        136   hguard.o
         0          0          0          0          0          0   indicate_semi.o
       138          0          0          0          0        168   init_alloc.o
        18          0          0          0          0         76   isspace.o
        44         10        272          0          0         76   lc_ctype_c.o
         2          0          0          0          0          0   libinit.o
        28          0          0          0          0          0   libinit2.o
         2          0          0          0          0          0   libshutdown.o
         2          0          0          0          0          0   libshutdown2.o
         8          4          0          0         96         68   libspace.o
         0          0          0          0          0          0   maybetermalloc1.o
        52          4          0          0          0         84   noretval__2snprintf.o
        16          4          0          0          0         76   rt_ctype_table.o
         8          4          0          0          0         68   rt_heap_descriptor_intlibspace.o
         8          4          0          0          0         68   rt_locale_intlibspace.o
        68          0          0          0          0         68   rt_memclr.o
        78          0          0          0          0         80   rt_memclr_w.o
       138          0          0          0          0         68   rt_memcpy_v6.o
       100          0          0          0          0         80   rt_memcpy_w.o
         2          0          0          0          0          0   rtexit.o
        10          0          0          0          0          0   rtexit2.o
        44          8          0          0          0         84   scanf_char.o
       128          0          0          0          0         68   strcmpv7m.o
        62          0          0          0          0         76   strlen.o
        12          4          0          0          0         68   sys_exit.o
        74          0          0          0          0         80   sys_stackheap_outer.o
        14          0          0          0          0         76   sys_wrch.o
         2          0          0          0          0         68   use_no_semi.o

    ----------------------------------------------------------------------
      3616        142        272          0        100       3676   Library Totals
        14          0          0          0          4          0   (incl. Padding)

    ----------------------------------------------------------------------

      Code (inc. data)   RO Data    RW Data    ZI Data      Debug   Library Name

      3602        142        272          0         96       3676   c_w.l

    ----------------------------------------------------------------------
      3616        142        272          0        100       3676   Library Totals

    ----------------------------------------------------------------------

==============================================================================


      Code (inc. data)   RO Data    RW Data    ZI Data      Debug   

      8308        910        584         32       1736     473814   Grand Totals
      8308        910        584         32       1736     473814   ELF Image Totals
      8308        910        584         32          0          0   ROM Totals

==============================================================================

    Total RO  Size (Code + RO Data)                 8892 (   8.68kB)
    Total RW  Size (RW Data + ZI Data)              1768 (   1.73kB)
    Total ROM Size (Code + RO Data + RW Data)       8924 (   8.71kB)

==============================================================================

